Archive member included to satisfy reference by file (symbol)

c:/program files (x86)/gnu tools arm embedded/5.4 2016q2/bin/../lib/gcc/arm-none-eabi/5.4.1/../../../../arm-none-eabi/lib/armv7e-m/fpu\libm.a(lib_a-sf_sin.o)
                              ./src/stm32f4xx_it.o (sinf)
c:/program files (x86)/gnu tools arm embedded/5.4 2016q2/bin/../lib/gcc/arm-none-eabi/5.4.1/../../../../arm-none-eabi/lib/armv7e-m/fpu\libm.a(lib_a-ef_rem_pio2.o)
                              c:/program files (x86)/gnu tools arm embedded/5.4 2016q2/bin/../lib/gcc/arm-none-eabi/5.4.1/../../../../arm-none-eabi/lib/armv7e-m/fpu\libm.a(lib_a-sf_sin.o) (__ieee754_rem_pio2f)
c:/program files (x86)/gnu tools arm embedded/5.4 2016q2/bin/../lib/gcc/arm-none-eabi/5.4.1/../../../../arm-none-eabi/lib/armv7e-m/fpu\libm.a(lib_a-kf_cos.o)
                              c:/program files (x86)/gnu tools arm embedded/5.4 2016q2/bin/../lib/gcc/arm-none-eabi/5.4.1/../../../../arm-none-eabi/lib/armv7e-m/fpu\libm.a(lib_a-sf_sin.o) (__kernel_cosf)
c:/program files (x86)/gnu tools arm embedded/5.4 2016q2/bin/../lib/gcc/arm-none-eabi/5.4.1/../../../../arm-none-eabi/lib/armv7e-m/fpu\libm.a(lib_a-kf_rem_pio2.o)
                              c:/program files (x86)/gnu tools arm embedded/5.4 2016q2/bin/../lib/gcc/arm-none-eabi/5.4.1/../../../../arm-none-eabi/lib/armv7e-m/fpu\libm.a(lib_a-ef_rem_pio2.o) (__kernel_rem_pio2f)
c:/program files (x86)/gnu tools arm embedded/5.4 2016q2/bin/../lib/gcc/arm-none-eabi/5.4.1/../../../../arm-none-eabi/lib/armv7e-m/fpu\libm.a(lib_a-kf_sin.o)
                              c:/program files (x86)/gnu tools arm embedded/5.4 2016q2/bin/../lib/gcc/arm-none-eabi/5.4.1/../../../../arm-none-eabi/lib/armv7e-m/fpu\libm.a(lib_a-sf_sin.o) (__kernel_sinf)
c:/program files (x86)/gnu tools arm embedded/5.4 2016q2/bin/../lib/gcc/arm-none-eabi/5.4.1/../../../../arm-none-eabi/lib/armv7e-m/fpu\libm.a(lib_a-sf_fabs.o)
                              c:/program files (x86)/gnu tools arm embedded/5.4 2016q2/bin/../lib/gcc/arm-none-eabi/5.4.1/../../../../arm-none-eabi/lib/armv7e-m/fpu\libm.a(lib_a-ef_rem_pio2.o) (fabsf)
c:/program files (x86)/gnu tools arm embedded/5.4 2016q2/bin/../lib/gcc/arm-none-eabi/5.4.1/../../../../arm-none-eabi/lib/armv7e-m/fpu\libm.a(lib_a-sf_floor.o)
                              c:/program files (x86)/gnu tools arm embedded/5.4 2016q2/bin/../lib/gcc/arm-none-eabi/5.4.1/../../../../arm-none-eabi/lib/armv7e-m/fpu\libm.a(lib_a-kf_rem_pio2.o) (floorf)
c:/program files (x86)/gnu tools arm embedded/5.4 2016q2/bin/../lib/gcc/arm-none-eabi/5.4.1/../../../../arm-none-eabi/lib/armv7e-m/fpu\libm.a(lib_a-sf_scalbn.o)
                              c:/program files (x86)/gnu tools arm embedded/5.4 2016q2/bin/../lib/gcc/arm-none-eabi/5.4.1/../../../../arm-none-eabi/lib/armv7e-m/fpu\libm.a(lib_a-kf_rem_pio2.o) (scalbnf)
c:/program files (x86)/gnu tools arm embedded/5.4 2016q2/bin/../lib/gcc/arm-none-eabi/5.4.1/../../../../arm-none-eabi/lib/armv7e-m/fpu\libm.a(lib_a-sf_copysign.o)
                              c:/program files (x86)/gnu tools arm embedded/5.4 2016q2/bin/../lib/gcc/arm-none-eabi/5.4.1/../../../../arm-none-eabi/lib/armv7e-m/fpu\libm.a(lib_a-sf_scalbn.o) (copysignf)
c:/program files (x86)/gnu tools arm embedded/5.4 2016q2/bin/../lib/gcc/arm-none-eabi/5.4.1/armv7e-m/fpu\libgcc.a(_arm_addsubdf3.o)
                              ./src/stm32f4xx_it.o (__aeabi_f2d)
c:/program files (x86)/gnu tools arm embedded/5.4 2016q2/bin/../lib/gcc/arm-none-eabi/5.4.1/armv7e-m/fpu\libgcc.a(_arm_muldivdf3.o)
                              ./src/stm32f4xx_it.o (__aeabi_dmul)
c:/program files (x86)/gnu tools arm embedded/5.4 2016q2/bin/../lib/gcc/arm-none-eabi/5.4.1/armv7e-m/fpu\libgcc.a(_arm_truncdfsf2.o)
                              ./src/stm32f4xx_it.o (__aeabi_d2f)
c:/program files (x86)/gnu tools arm embedded/5.4 2016q2/bin/../lib/gcc/arm-none-eabi/5.4.1/../../../../arm-none-eabi/lib/armv7e-m/fpu\libg_nano.a(lib_a-errno.o)
                              ./system/src/newlib/_sbrk.o (__errno)
c:/program files (x86)/gnu tools arm embedded/5.4 2016q2/bin/../lib/gcc/arm-none-eabi/5.4.1/../../../../arm-none-eabi/lib/armv7e-m/fpu\libg_nano.a(lib_a-impure.o)
                              c:/program files (x86)/gnu tools arm embedded/5.4 2016q2/bin/../lib/gcc/arm-none-eabi/5.4.1/../../../../arm-none-eabi/lib/armv7e-m/fpu\libg_nano.a(lib_a-errno.o) (_impure_ptr)
c:/program files (x86)/gnu tools arm embedded/5.4 2016q2/bin/../lib/gcc/arm-none-eabi/5.4.1/../../../../arm-none-eabi/lib/armv7e-m/fpu\libg_nano.a(lib_a-strlen.o)
                              ./system/src/diag/Trace.o (strlen)
c:/program files (x86)/gnu tools arm embedded/5.4 2016q2/bin/../lib/gcc/arm-none-eabi/5.4.1/../../../../arm-none-eabi/lib/armv7e-m/fpu\libg_nano.a(lib_a-vsnprintf.o)
                              ./system/src/diag/Trace.o (vsnprintf)
[...]
Memory Configuration

Name             Origin             Length             Attributes
RAM              0x20000000         0x00020000         xrw
CCMRAM           0x10000000         0x00010000         xrw
FLASH            0x08000000         0x00100000         xr
FLASHB1          0x00000000         0x00000000         xr
EXTMEMB0         0x00000000         0x00000000         xr
EXTMEMB1         0x00000000         0x00000000         xr
EXTMEMB2         0x00000000         0x00000000         xr
EXTMEMB3         0x00000000         0x00000000         xr
MEMORY_ARRAY     0x20002000         0x00000020         xrw
*default*        0x00000000         0xffffffff

Linker script and memory map

LOAD ./system/src/stm32f4-hal/stm32f4xx_hal.o
LOAD ./system/src/stm32f4-hal/stm32f4xx_hal_adc.o
LOAD ./system/src/stm32f4-hal/stm32f4xx_hal_adc_ex.o
LOAD ./system/src/stm32f4-hal/stm32f4xx_hal_cortex.o
LOAD ./system/src/stm32f4-hal/stm32f4xx_hal_dac.o
LOAD ./system/src/stm32f4-hal/stm32f4xx_hal_dac_ex.o
LOAD ./system/src/stm32f4-hal/stm32f4xx_hal_dma.o
LOAD ./system/src/stm32f4-hal/stm32f4xx_hal_dma_ex.o
LOAD ./system/src/stm32f4-hal/stm32f4xx_hal_flash.o
LOAD ./system/src/stm32f4-hal/stm32f4xx_hal_gpio.o
LOAD ./system/src/stm32f4-hal/stm32f4xx_hal_iwdg.o
LOAD ./system/src/stm32f4-hal/stm32f4xx_hal_pwr.o
LOAD ./system/src/stm32f4-hal/stm32f4xx_hal_rcc.o
LOAD ./system/src/stm32f4-hal/stm32f4xx_hal_tim.o
LOAD ./system/src/stm32f4-hal/stm32f4xx_hal_tim_ex.o
LOAD ./system/src/stm32f4-hal/stm32f4xx_hal_uart.o
LOAD ./system/src/stm32f4-hal/stm32f4xx_hal_usart.o
LOAD ./system/src/newlib/_cxx.o
LOAD ./system/src/newlib/_exit.o
LOAD ./system/src/newlib/_sbrk.o
LOAD ./system/src/newlib/_startup.o
LOAD ./system/src/newlib/_syscalls.o
LOAD ./system/src/newlib/assert.o
LOAD ./system/src/diag/Trace.o
LOAD ./system/src/diag/trace_impl.o
LOAD ./system/src/cortexm/_initialize_hardware.o
LOAD ./system/src/cortexm/_reset_hardware.o
LOAD ./system/src/cortexm/exception_handlers.o
LOAD ./system/src/cmsis/system_stm32f4xx.o
LOAD ./system/src/cmsis/vectors_stm32f407xx.o
LOAD ./src/_initialize_hardware.o
LOAD ./src/_write.o
LOAD ./src/main.o
LOAD ./src/stm32f4xx_hal_msp.o
LOAD ./src/stm32f4xx_it.o
LOAD c:/program files (x86)/gnu tools arm embedded/5.4 2016q2/bin/../lib/gcc/arm-none-eabi/5.4.1/../../../../arm-none-eabi/lib/armv7e-m/fpu\libstdc++_nano.a
LOAD c:/program files (x86)/gnu tools arm embedded/5.4 2016q2/bin/../lib/gcc/arm-none-eabi/5.4.1/../../../../arm-none-eabi/lib/armv7e-m/fpu\libm.a
START GROUP
LOAD c:/program files (x86)/gnu tools arm embedded/5.4 2016q2/bin/../lib/gcc/arm-none-eabi/5.4.1/armv7e-m/fpu\libgcc.a
LOAD c:/program files (x86)/gnu tools arm embedded/5.4 2016q2/bin/../lib/gcc/arm-none-eabi/5.4.1/../../../../arm-none-eabi/lib/armv7e-m/fpu\libg_nano.a
LOAD c:/program files (x86)/gnu tools arm embedded/5.4 2016q2/bin/../lib/gcc/arm-none-eabi/5.4.1/../../../../arm-none-eabi/lib/armv7e-m/fpu\libc_nano.a
END GROUP
START GROUP
LOAD c:/program files (x86)/gnu tools arm embedded/5.4 2016q2/bin/../lib/gcc/arm-none-eabi/5.4.1/armv7e-m/fpu\libgcc.a
LOAD c:/program files (x86)/gnu tools arm embedded/5.4 2016q2/bin/../lib/gcc/arm-none-eabi/5.4.1/../../../../arm-none-eabi/lib/armv7e-m/fpu\libc_nano.a
END GROUP
                0x20020000                __stack = (ORIGIN (RAM) + LENGTH (RAM))
                0x20020000                _estack = __stack
                0x00000400                __Main_Stack_Size = 0x400
                [!provide]                PROVIDE (_Main_Stack_Size, __Main_Stack_Size)
                0x2001fc00                __Main_Stack_Limit = (__stack - __Main_Stack_Size)
                [!provide]                PROVIDE (_Main_Stack_Limit, __Main_Stack_Limit)
                0x00000100                _Minimum_Stack_Size = 0x100
                0x20000828                PROVIDE (_Heap_Begin, _end_noinit)
                0x2001fc00                PROVIDE (_Heap_Limit, (__stack - __Main_Stack_Size))

.isr_vector     0x08000000      0x3ec
 FILL mask 0xff
                0x08000000                __vectors_start = ABSOLUTE (.)
                0x08000000                __vectors_start__ = ABSOLUTE (.)
 *(.isr_vector)
 .isr_vector    0x08000000      0x188 ./system/src/cmsis/vectors_stm32f407xx.o
                0x08000000                __isr_vectors
 *(.cfmconfig)
 *(.after_vectors .after_vectors.*)
 .after_vectors
                0x08000188      0x130 ./system/src/newlib/_startup.o
                0x08000188                _start
 .after_vectors
                0x080002b8      0x130 ./system/src/cortexm/exception_handlers.o
                0x080002b8                Reset_Handler
                0x080002c4                HardFault_Handler
                0x080002d8                HardFault_Handler_C
                0x08000350                BusFault_Handler_C
                0x08000398                UsageFault_Handler_C
                0x080003cc                SVC_Handler
                0x080003d4                PendSV_Handler
 .after_vectors
                0x080003e8        0x4 ./system/src/cmsis/vectors_stm32f407xx.o
                0x080003e8                RTC_Alarm_IRQHandler
                0x080003e8                HASH_RNG_IRQHandler
                0x080003e8                EXTI2_IRQHandler
                0x080003e8                TIM8_CC_IRQHandler
                0x080003e8                TIM1_CC_IRQHandler
                0x080003e8                DMA2_Stream5_IRQHandler
                0x080003e8                DMA1_Stream5_IRQHandler
                0x080003e8                PVD_IRQHandler
                0x080003e8                SDIO_IRQHandler
                0x080003e8                TAMP_STAMP_IRQHandler
                0x080003e8                CAN2_RX1_IRQHandler
                0x080003e8                EXTI3_IRQHandler
                0x080003e8                TIM8_TRG_COM_TIM14_IRQHandler
                0x080003e8                TIM8_UP_TIM13_IRQHandler
                0x080003e8                I2C3_ER_IRQHandler
                0x080003e8                EXTI0_IRQHandler
                0x080003e8                I2C2_EV_IRQHandler
                0x080003e8                DMA1_Stream2_IRQHandler
                0x080003e8                CAN1_RX0_IRQHandler
                0x080003e8                FPU_IRQHandler
                0x080003e8                OTG_HS_WKUP_IRQHandler
                0x080003e8                CAN2_SCE_IRQHandler
                0x080003e8                SPI1_IRQHandler
                0x080003e8                TIM6_DAC_IRQHandler
                0x080003e8                TIM1_BRK_TIM9_IRQHandler
                0x080003e8                DCMI_IRQHandler
                0x080003e8                CAN2_RX0_IRQHandler
                0x080003e8                DMA2_Stream3_IRQHandler
                0x080003e8                USART6_IRQHandler
                0x080003e8                USART3_IRQHandler
                0x080003e8                CAN1_RX1_IRQHandler
                0x080003e8                UART5_IRQHandler
                0x080003e8                TIM4_IRQHandler
                0x080003e8                I2C1_EV_IRQHandler
                0x080003e8                DMA1_Stream6_IRQHandler
                0x080003e8                DMA1_Stream1_IRQHandler
                0x080003e8                UART4_IRQHandler
                0x080003e8                TIM3_IRQHandler
                0x080003e8                RCC_IRQHandler
                0x080003e8                TIM8_BRK_TIM12_IRQHandler
                0x080003e8                Default_Handler
                0x080003e8                EXTI15_10_IRQHandler
                0x080003e8                DMA1_Stream7_IRQHandler
                0x080003e8                TIM7_IRQHandler
                0x080003e8                CAN2_TX_IRQHandler
                0x080003e8                TIM5_IRQHandler
                0x080003e8                I2C3_EV_IRQHandler
                0x080003e8                EXTI9_5_IRQHandler
                0x080003e8                RTC_WKUP_IRQHandler
                0x080003e8                ETH_WKUP_IRQHandler
                0x080003e8                SPI2_IRQHandler
                0x080003e8                OTG_HS_EP1_IN_IRQHandler
                0x080003e8                DMA1_Stream0_IRQHandler
                0x080003e8                CAN1_TX_IRQHandler
                0x080003e8                EXTI4_IRQHandler
                0x080003e8                ETH_IRQHandler
                0x080003e8                OTG_HS_EP1_OUT_IRQHandler
                0x080003e8                WWDG_IRQHandler
                0x080003e8                TIM2_IRQHandler
                0x080003e8                OTG_FS_WKUP_IRQHandler
                0x080003e8                TIM1_TRG_COM_TIM11_IRQHandler
                0x080003e8                OTG_HS_IRQHandler
                0x080003e8                EXTI1_IRQHandler
                0x080003e8                USART2_IRQHandler
                0x080003e8                I2C2_ER_IRQHandler
                0x080003e8                DMA2_Stream1_IRQHandler
                0x080003e8                CAN1_SCE_IRQHandler
                0x080003e8                FLASH_IRQHandler
                0x080003e8                DMA2_Stream4_IRQHandler
                0x080003e8                OTG_FS_IRQHandler
                0x080003e8                SPI3_IRQHandler
                0x080003e8                DMA1_Stream4_IRQHandler
                0x080003e8                I2C1_ER_IRQHandler
                0x080003e8                FMC_IRQHandler
                0x080003e8                DMA2_Stream6_IRQHandler
                0x080003e8                DMA1_Stream3_IRQHandler

.inits          0x080003ec       0x28
                0x080003ec                __data_regions_array_start = .
                0x080003ec        0x4 LONG 0x80067a8 LOADADDR (.data)
                0x080003f0        0x4 LONG 0x20000000 ADDR (.data)
                0x080003f4        0x4 LONG 0x20000078 (ADDR (.data) + SIZEOF (.data))
                0x080003f8        0x4 LONG 0x80067a8 LOADADDR (.data_CCMRAM)
                0x080003fc        0x4 LONG 0x10000000 ADDR (.data_CCMRAM)
                0x08000400        0x4 LONG 0x10000000 (ADDR (.data_CCMRAM) + SIZEOF (.data_CCMRAM))
                0x08000404                __data_regions_array_end = .
                0x08000404                __bss_regions_array_start = .
                0x08000404        0x4 LONG 0x20000078 ADDR (.bss)
                0x08000408        0x4 LONG 0x20000828 (ADDR (.bss) + SIZEOF (.bss))
                0x0800040c        0x4 LONG 0x10000000 ADDR (.bss_CCMRAM)
                0x08000410        0x4 LONG 0x10000000 (ADDR (.bss_CCMRAM) + SIZEOF (.bss_CCMRAM))
                0x08000414                __bss_regions_array_end = .
 *(.init)
 *(.fini)
                0x08000414                . = ALIGN (0x4)
                0x08000414                PROVIDE (__preinit_array_start, .)
 *(.preinit_array_sysinit .preinit_array_sysinit.*)
 *(.preinit_array_platform .preinit_array_platform.*)
 *(.preinit_array .preinit_array.*)
                0x08000414                PROVIDE (__preinit_array_end, .)
                0x08000414                . = ALIGN (0x4)
                0x08000414                PROVIDE (__init_array_start, .)
 *(SORT(.init_array.*))
 *(.init_array)
                0x08000414                PROVIDE (__init_array_end, .)
                0x08000414                . = ALIGN (0x4)
                0x08000414                PROVIDE (__fini_array_start, .)
 *(SORT(.fini_array.*))
 *(.fini_array)
                0x08000414                PROVIDE (__fini_array_end, .)

.flashtext
 *(.flashtext .flashtext.*)

.text           0x08000420     0x6385
 *(.text .text.*)
 .text.HAL_InitTick
                0x08000420       0x28 ./system/src/stm32f4-hal/stm32f4xx_hal.o
                0x08000420                HAL_InitTick
 .text.HAL_Init
                0x08000448       0x34 ./system/src/stm32f4-hal/stm32f4xx_hal.o
                0x08000448                HAL_Init
 .text.HAL_IncTick
                0x0800047c       0x10 ./system/src/stm32f4-hal/stm32f4xx_hal.o
                0x0800047c                HAL_IncTick
 .text.HAL_GetTick
                0x0800048c        0xc ./system/src/stm32f4-hal/stm32f4xx_hal.o
                0x0800048c                HAL_GetTick
 .text.ADC_Init
                0x08000498      0x154 ./system/src/stm32f4-hal/stm32f4xx_hal_adc.o
 .text.HAL_ADC_Init
                0x080005ec      0x1d4 ./system/src/stm32f4-hal/stm32f4xx_hal_adc.o
                0x080005ec                HAL_ADC_Init
 .text.HAL_ADC_ConvCpltCallback
                0x080007c0        0x4 ./system/src/stm32f4-hal/stm32f4xx_hal_adc.o
                0x080007c0                HAL_ADC_ConvCpltCallback
 .text.HAL_ADC_LevelOutOfWindowCallback
                0x080007c4        0x4 ./system/src/stm32f4-hal/stm32f4xx_hal_adc.o
                0x080007c4                HAL_ADC_LevelOutOfWindowCallback
 .text.HAL_ADC_ErrorCallback
                0x080007c8        0x4 ./system/src/stm32f4-hal/stm32f4xx_hal_adc.o
                0x080007c8                HAL_ADC_ErrorCallback
 .text.HAL_ADC_IRQHandler
                0x080007cc      0x180 ./system/src/stm32f4-hal/stm32f4xx_hal_adc.o
                0x080007cc                HAL_ADC_IRQHandler
 .text.HAL_ADC_ConfigChannel
                0x0800094c      0x1c0 ./system/src/stm32f4-hal/stm32f4xx_hal_adc.o
                0x0800094c                HAL_ADC_ConfigChannel
 .text.HAL_ADCEx_InjectedConvCpltCallback
                0x08000b0c        0x4 ./system/src/stm32f4-hal/stm32f4xx_hal_adc_ex.o
                0x08000b0c                HAL_ADCEx_InjectedConvCpltCallback
 .text.HAL_NVIC_SetPriorityGrouping
                0x08000b10       0x3c ./system/src/stm32f4-hal/stm32f4xx_hal_cortex.o
                0x08000b10                HAL_NVIC_SetPriorityGrouping
 .text.HAL_NVIC_SetPriority
                0x08000b4c       0x84 ./system/src/stm32f4-hal/stm32f4xx_hal_cortex.o
                0x08000b4c                HAL_NVIC_SetPriority
 .text.HAL_NVIC_EnableIRQ
                0x08000bd0       0x2c ./system/src/stm32f4-hal/stm32f4xx_hal_cortex.o
                0x08000bd0                HAL_NVIC_EnableIRQ
 .text.HAL_SYSTICK_Config
                0x08000bfc       0x2c ./system/src/stm32f4-hal/stm32f4xx_hal_cortex.o
                0x08000bfc                HAL_SYSTICK_Config
 .text.HAL_SYSTICK_CLKSourceConfig
                0x08000c28       0x38 ./system/src/stm32f4-hal/stm32f4xx_hal_cortex.o
                0x08000c28                HAL_SYSTICK_CLKSourceConfig
 .text.HAL_SYSTICK_Callback
                0x08000c60        0x4 ./system/src/stm32f4-hal/stm32f4xx_hal_cortex.o
                0x08000c60                HAL_SYSTICK_Callback
 .text.HAL_SYSTICK_IRQHandler
                0x08000c64        0x8 ./system/src/stm32f4-hal/stm32f4xx_hal_cortex.o
                0x08000c64                HAL_SYSTICK_IRQHandler
 .text.HAL_DAC_Init
                0x08000c6c       0x44 ./system/src/stm32f4-hal/stm32f4xx_hal_dac.o
                0x08000c6c                HAL_DAC_Init
 .text.HAL_DAC_ConfigChannel
                0x08000cb0       0xa0 ./system/src/stm32f4-hal/stm32f4xx_hal_dac.o
                0x08000cb0                HAL_DAC_ConfigChannel
 .text.DMA_SetConfig
                0x08000d50       0x2c ./system/src/stm32f4-hal/stm32f4xx_hal_dma.o
 .text.DMA_CalcBaseAndBitshift
                0x08000d7c       0x3c ./system/src/stm32f4-hal/stm32f4xx_hal_dma.o
 .text.HAL_DMA_Init
                0x08000db8      0x220 ./system/src/stm32f4-hal/stm32f4xx_hal_dma.o
                0x08000db8                HAL_DMA_Init
 .text.HAL_DMA_Start_IT
                0x08000fd8       0x74 ./system/src/stm32f4-hal/stm32f4xx_hal_dma.o
                0x08000fd8                HAL_DMA_Start_IT
 .text.HAL_DMA_IRQHandler
                0x0800104c      0x1b4 ./system/src/stm32f4-hal/stm32f4xx_hal_dma.o
                0x0800104c                HAL_DMA_IRQHandler
 .text.HAL_GPIO_Init
                0x08001200      0x330 ./system/src/stm32f4-hal/stm32f4xx_hal_gpio.o
                0x08001200                HAL_GPIO_Init
 .text.HAL_GPIO_WritePin
                0x08001530       0x34 ./system/src/stm32f4-hal/stm32f4xx_hal_gpio.o
                0x08001530                HAL_GPIO_WritePin
 .text.HAL_RCC_OscConfig
                0x08001564      0x448 ./system/src/stm32f4-hal/stm32f4xx_hal_rcc.o
                0x08001564                HAL_RCC_OscConfig
 .text.HAL_RCC_ClockConfig
                0x080019ac      0x22c ./system/src/stm32f4-hal/stm32f4xx_hal_rcc.o
                0x080019ac                HAL_RCC_ClockConfig
 .text.HAL_RCC_GetSysClockFreq
                0x08001bd8       0xa4 ./system/src/stm32f4-hal/stm32f4xx_hal_rcc.o
                0x08001bd8                HAL_RCC_GetSysClockFreq
 .text.HAL_RCC_GetHCLKFreq
                0x08001c7c       0x34 ./system/src/stm32f4-hal/stm32f4xx_hal_rcc.o
                0x08001c7c                HAL_RCC_GetHCLKFreq
 .text.HAL_RCC_GetPCLK1Freq
                0x08001cb0       0x30 ./system/src/stm32f4-hal/stm32f4xx_hal_rcc.o
                0x08001cb0                HAL_RCC_GetPCLK1Freq
 .text.HAL_RCC_GetPCLK2Freq
                0x08001ce0       0x30 ./system/src/stm32f4-hal/stm32f4xx_hal_rcc.o
                0x08001ce0                HAL_RCC_GetPCLK2Freq
 .text.HAL_RCC_CSSCallback
                0x08001d10        0x4 ./system/src/stm32f4-hal/stm32f4xx_hal_rcc.o
                0x08001d10                HAL_RCC_CSSCallback
 .text.HAL_RCC_NMI_IRQHandler
                0x08001d14       0x20 ./system/src/stm32f4-hal/stm32f4xx_hal_rcc.o
                0x08001d14                HAL_RCC_NMI_IRQHandler
 .text.TIM_OC1_SetConfig
                0x08001d34       0x68 ./system/src/stm32f4-hal/stm32f4xx_hal_tim.o
 .text.TIM_OC3_SetConfig
                0x08001d9c       0xb4 ./system/src/stm32f4-hal/stm32f4xx_hal_tim.o
 .text.TIM_OC4_SetConfig
                0x08001e50       0x7c ./system/src/stm32f4-hal/stm32f4xx_hal_tim.o
 .text.HAL_TIM_PeriodElapsedCallback
                0x08001ecc        0x4 ./system/src/stm32f4-hal/stm32f4xx_hal_tim.o
                0x08001ecc                HAL_TIM_PeriodElapsedCallback
 .text.HAL_TIM_OC_DelayElapsedCallback
                0x08001ed0        0x4 ./system/src/stm32f4-hal/stm32f4xx_hal_tim.o
                0x08001ed0                HAL_TIM_OC_DelayElapsedCallback
 .text.HAL_TIM_IC_CaptureCallback
                0x08001ed4        0x4 ./system/src/stm32f4-hal/stm32f4xx_hal_tim.o
                0x08001ed4                HAL_TIM_IC_CaptureCallback
 .text.HAL_TIM_PWM_PulseFinishedCallback
                0x08001ed8        0x4 ./system/src/stm32f4-hal/stm32f4xx_hal_tim.o
                0x08001ed8                HAL_TIM_PWM_PulseFinishedCallback
 .text.HAL_TIM_TriggerCallback
                0x08001edc        0x4 ./system/src/stm32f4-hal/stm32f4xx_hal_tim.o
                0x08001edc                HAL_TIM_TriggerCallback
 .text.HAL_TIM_IRQHandler
                0x08001ee0      0x174 ./system/src/stm32f4-hal/stm32f4xx_hal_tim.o
                0x08001ee0                HAL_TIM_IRQHandler
 .text.TIM_Base_SetConfig
                0x08002054      0x11c ./system/src/stm32f4-hal/stm32f4xx_hal_tim.o
                0x08002054                TIM_Base_SetConfig
 .text.HAL_TIM_PWM_Init
                0x08002170       0xf4 ./system/src/stm32f4-hal/stm32f4xx_hal_tim.o
                0x08002170                HAL_TIM_PWM_Init
 .text.TIM_OC2_SetConfig
                0x08002264       0x90 ./system/src/stm32f4-hal/stm32f4xx_hal_tim.o
                0x08002264                TIM_OC2_SetConfig
 .text.HAL_TIM_PWM_ConfigChannel
                0x080022f4      0x274 ./system/src/stm32f4-hal/stm32f4xx_hal_tim.o
                0x080022f4                HAL_TIM_PWM_ConfigChannel
 .text.TIM_CCxChannelCmd
                0x08002568       0xac ./system/src/stm32f4-hal/stm32f4xx_hal_tim.o
                0x08002568                TIM_CCxChannelCmd
 .text.HAL_TIM_PWM_Start_IT
                0x08002614      0x124 ./system/src/stm32f4-hal/stm32f4xx_hal_tim.o
                0x08002614                HAL_TIM_PWM_Start_IT
 .text.TIM_CCxNChannelCmd
                0x08002738       0x74 ./system/src/stm32f4-hal/stm32f4xx_hal_tim_ex.o
 .text.HAL_TIMEx_PWMN_Start
                0x080027ac       0x54 ./system/src/stm32f4-hal/stm32f4xx_hal_tim_ex.o
                0x080027ac                HAL_TIMEx_PWMN_Start
 .text.HAL_TIMEx_MasterConfigSynchronization
                0x08002800       0xf0 ./system/src/stm32f4-hal/stm32f4xx_hal_tim_ex.o
                0x08002800                HAL_TIMEx_MasterConfigSynchronization
 .text.HAL_TIMEx_ConfigBreakDeadTime
                0x080028f0      0x11c ./system/src/stm32f4-hal/stm32f4xx_hal_tim_ex.o
                0x080028f0                HAL_TIMEx_ConfigBreakDeadTime
 .text.HAL_TIMEx_CommutationCallback
                0x08002a0c        0x4 ./system/src/stm32f4-hal/stm32f4xx_hal_tim_ex.o
                0x08002a0c                HAL_TIMEx_CommutationCallback
 .text.HAL_TIMEx_BreakCallback
                0x08002a10        0x4 ./system/src/stm32f4-hal/stm32f4xx_hal_tim_ex.o
                0x08002a10                HAL_TIMEx_BreakCallback
 .text.UART_Transmit_IT
                0x08002a14       0x68 ./system/src/stm32f4-hal/stm32f4xx_hal_uart.o
 .text.UART_SetConfig
                0x08002a7c      0x390 ./system/src/stm32f4-hal/stm32f4xx_hal_uart.o
 .text.HAL_UART_Init
                0x08002e0c      0x120 ./system/src/stm32f4-hal/stm32f4xx_hal_uart.o
                0x08002e0c                HAL_UART_Init
 .text.HAL_UART_Transmit_DMA
                0x08002f2c       0x88 ./system/src/stm32f4-hal/stm32f4xx_hal_uart.o
                0x08002f2c                HAL_UART_Transmit_DMA
 .text.HAL_UART_Receive_DMA
                0x08002fb4       0x7c ./system/src/stm32f4-hal/stm32f4xx_hal_uart.o
                0x08002fb4                HAL_UART_Receive_DMA
 .text.HAL_UART_TxCpltCallback
                0x08003030        0x4 ./system/src/stm32f4-hal/stm32f4xx_hal_uart.o
                0x08003030                HAL_UART_TxCpltCallback
 .text.UART_DMATransmitCplt
                0x08003034       0x30 ./system/src/stm32f4-hal/stm32f4xx_hal_uart.o
 .text.UART_EndTransmit_IT
                0x08003064       0x1c ./system/src/stm32f4-hal/stm32f4xx_hal_uart.o
 .text.HAL_UART_TxHalfCpltCallback
                0x08003080        0x4 ./system/src/stm32f4-hal/stm32f4xx_hal_uart.o
                0x08003080                HAL_UART_TxHalfCpltCallback
 .text.UART_DMATxHalfCplt
                0x08003084        0xc ./system/src/stm32f4-hal/stm32f4xx_hal_uart.o
 .text.UART_DMAReceiveCplt
                0x08003090       0x2c ./system/src/stm32f4-hal/stm32f4xx_hal_uart.o
 .text.UART_Receive_IT
                0x080030bc       0x9c ./system/src/stm32f4-hal/stm32f4xx_hal_uart.o
 .text.HAL_UART_RxHalfCpltCallback
                0x08003158        0x4 ./system/src/stm32f4-hal/stm32f4xx_hal_uart.o
                0x08003158                HAL_UART_RxHalfCpltCallback
 .text.UART_DMARxHalfCplt
                0x0800315c        0xc ./system/src/stm32f4-hal/stm32f4xx_hal_uart.o
 .text.HAL_UART_ErrorCallback
                0x08003168        0x4 ./system/src/stm32f4-hal/stm32f4xx_hal_uart.o
                0x08003168                HAL_UART_ErrorCallback
 .text.UART_DMAError
                0x0800316c       0x24 ./system/src/stm32f4-hal/stm32f4xx_hal_uart.o
 .text.HAL_UART_IRQHandler
                0x08003190      0x100 ./system/src/stm32f4-hal/stm32f4xx_hal_uart.o
                0x08003190                HAL_UART_IRQHandler
 .text._exit    0x08003290        0x4 ./system/src/newlib/_exit.o
                0x08003290                _exit
 .text._sbrk    0x08003294       0x44 ./system/src/newlib/_sbrk.o
                0x08003294                _sbrk
 .text.__initialize_args
                0x080032d8       0x10 ./system/src/newlib/_syscalls.o
                0x080032d8                __initialize_args
 .text.trace_printf
                0x080032e8       0x30 ./system/src/diag/Trace.o
                0x080032e8                trace_printf
 .text._trace_write_semihosting_debug
                0x08003318       0x64 ./system/src/diag/trace_impl.o
 .text.trace_write
                0x0800337c        0x8 ./system/src/diag/trace_impl.o
                0x0800337c                trace_write
 .text.__initialize_hardware_early
                0x08003384       0x24 ./system/src/cortexm/_initialize_hardware.o
                0x08003384                __initialize_hardware_early
 .text.dumpExceptionStack
                0x080033a8       0xf0 ./system/src/cortexm/exception_handlers.o
                0x080033a8                dumpExceptionStack
 .text.isSemihosting
                0x08003498       0x20 ./system/src/cortexm/exception_handlers.o
                0x08003498                isSemihosting
 .text.SystemInit
                0x080034b8       0x4c ./system/src/cmsis/system_stm32f4xx.o
                0x080034b8                SystemInit
 .text.SystemCoreClockUpdate
                0x08003504       0xa0 ./system/src/cmsis/system_stm32f4xx.o
                0x08003504                SystemCoreClockUpdate
 .text.__initialize_hardware
                0x080035a4       0x10 ./src/_initialize_hardware.o
                0x080035a4                __initialize_hardware
 .text.MX_GPIO_Init
                0x080035b4      0x100 ./src/main.o
 .text.MX_DMA_Init
                0x080036b4       0x54 ./src/main.o
 .text.MX_ADC1_Init
                0x08003708       0xa0 ./src/main.o
 .text.MX_DAC_Init
                0x080037a8       0x34 ./src/main.o
 .text.MX_TIM1_Init
                0x080037dc       0xdc ./src/main.o
 .text.MX_USART1_UART_Init
                0x080038b8       0x34 ./src/main.o
 .text.HAL_UART_RxCpltCallback
                0x080038ec       0xdc ./src/main.o
                0x080038ec                HAL_UART_RxCpltCallback
 .text.SystemClock_Config
                0x080039c8       0xa4 ./src/main.o
                0x080039c8                SystemClock_Config
 .text.main     0x08003a6c       0x38 ./src/main.o
                0x08003a6c                main
 .text.assert_failed
                0x08003aa4        0x4 ./src/main.o
                0x08003aa4                assert_failed
 .text.HAL_MspInit
                0x08003aa8       0x48 ./src/stm32f4xx_hal_msp.o
                0x08003aa8                HAL_MspInit
 .text.HAL_ADC_MspInit
                0x08003af0       0xa8 ./src/stm32f4xx_hal_msp.o
                0x08003af0                HAL_ADC_MspInit
 .text.HAL_DAC_MspInit
                0x08003b98       0x48 ./src/stm32f4xx_hal_msp.o
                0x08003b98                HAL_DAC_MspInit
 .text.HAL_TIM_PWM_MspInit
                0x08003be0       0x40 ./src/stm32f4xx_hal_msp.o
                0x08003be0                HAL_TIM_PWM_MspInit
 .text.HAL_TIM_MspPostInit
                0x08003c20       0x38 ./src/stm32f4xx_hal_msp.o
                0x08003c20                HAL_TIM_MspPostInit
 .text.HAL_UART_MspInit
                0x08003c58       0xd8 ./src/stm32f4xx_hal_msp.o
                0x08003c58                HAL_UART_MspInit
 .text.NMI_Handler
                0x08003d30        0x8 ./src/stm32f4xx_it.o
                0x08003d30                NMI_Handler
 .text.MemManage_Handler
                0x08003d38        0x4 ./src/stm32f4xx_it.o
                0x08003d38                MemManage_Handler
 .text.BusFault_Handler
                0x08003d3c        0x4 ./src/stm32f4xx_it.o
                0x08003d3c                BusFault_Handler
 .text.UsageFault_Handler
                0x08003d40        0x4 ./src/stm32f4xx_it.o
                0x08003d40                UsageFault_Handler
 .text.DebugMon_Handler
                0x08003d44        0x4 ./src/stm32f4xx_it.o
                0x08003d44                DebugMon_Handler
 .text.SysTick_Handler
                0x08003d48        0xc ./src/stm32f4xx_it.o
                0x08003d48                SysTick_Handler
 .text.ADC_IRQHandler
                0x08003d54       0x10 ./src/stm32f4xx_it.o
                0x08003d54                ADC_IRQHandler
 *fill*         0x08003d64        0x4 
 .text.TIM1_UP_TIM10_IRQHandler
                0x08003d68      0x500 ./src/stm32f4xx_it.o
                0x08003d68                TIM1_UP_TIM10_IRQHandler
 .text.USART1_IRQHandler
                0x08004268       0x10 ./src/stm32f4xx_it.o
                0x08004268                USART1_IRQHandler
 .text.DMA2_Stream0_IRQHandler
                0x08004278       0x10 ./src/stm32f4xx_it.o
                0x08004278                DMA2_Stream0_IRQHandler
 .text.DMA2_Stream2_IRQHandler
                0x08004288       0x10 ./src/stm32f4xx_it.o
                0x08004288                DMA2_Stream2_IRQHandler
 .text.DMA2_Stream7_IRQHandler
                0x08004298       0x10 ./src/stm32f4xx_it.o
                0x08004298                DMA2_Stream7_IRQHandler
 .text.sinf     0x080042a8       0x94 c:/program files (x86)/gnu tools arm embedded/5.4 2016q2/bin/../lib/gcc/arm-none-eabi/5.4.1/../../../../arm-none-eabi/lib/armv7e-m/fpu\libm.a(lib_a-sf_sin.o)
                0x080042a8                sinf
 .text.__ieee754_rem_pio2f
                0x0800433c      0x298 c:/program files (x86)/gnu tools arm embedded/5.4 2016q2/bin/../lib/gcc/arm-none-eabi/5.4.1/../../../../arm-none-eabi/lib/armv7e-m/fpu\libm.a(lib_a-ef_rem_pio2.o)
                0x0800433c                __ieee754_rem_pio2f
 .text.__kernel_cosf
                0x080045d4      0x104 c:/program files (x86)/gnu tools arm embedded/5.4 2016q2/bin/../lib/gcc/arm-none-eabi/5.4.1/../../../../arm-none-eabi/lib/armv7e-m/fpu\libm.a(lib_a-kf_cos.o)
                0x080045d4                __kernel_cosf
 .text.__kernel_rem_pio2f
                0x080046d8      0x630 c:/program files (x86)/gnu tools arm embedded/5.4 2016q2/bin/../lib/gcc/arm-none-eabi/5.4.1/../../../../arm-none-eabi/lib/armv7e-m/fpu\libm.a(lib_a-kf_rem_pio2.o)
                0x080046d8                __kernel_rem_pio2f
 .text.__kernel_sinf
                0x08004d08       0x90 c:/program files (x86)/gnu tools arm embedded/5.4 2016q2/bin/../lib/gcc/arm-none-eabi/5.4.1/../../../../arm-none-eabi/lib/armv7e-m/fpu\libm.a(lib_a-kf_sin.o)
                0x08004d08                __kernel_sinf
 .text.fabsf    0x08004d98       0x10 c:/program files (x86)/gnu tools arm embedded/5.4 2016q2/bin/../lib/gcc/arm-none-eabi/5.4.1/../../../../arm-none-eabi/lib/armv7e-m/fpu\libm.a(lib_a-sf_fabs.o)
                0x08004d98                fabsf
 .text.floorf   0x08004da8       0x90 c:/program files (x86)/gnu tools arm embedded/5.4 2016q2/bin/../lib/gcc/arm-none-eabi/5.4.1/../../../../arm-none-eabi/lib/armv7e-m/fpu\libm.a(lib_a-sf_floor.o)
                0x08004da8                floorf
 .text.scalbnf  0x08004e38       0xd0 c:/program files (x86)/gnu tools arm embedded/5.4 2016q2/bin/../lib/gcc/arm-none-eabi/5.4.1/../../../../arm-none-eabi/lib/armv7e-m/fpu\libm.a(lib_a-sf_scalbn.o)
                0x08004e38                scalbnf
 .text.copysignf
                0x08004f08       0x18 c:/program files (x86)/gnu tools arm embedded/5.4 2016q2/bin/../lib/gcc/arm-none-eabi/5.4.1/../../../../arm-none-eabi/lib/armv7e-m/fpu\libm.a(lib_a-sf_copysign.o)
                0x08004f08                copysignf
 .text          0x08004f20      0x370 c:/program files (x86)/gnu tools arm embedded/5.4 2016q2/bin/../lib/gcc/arm-none-eabi/5.4.1/armv7e-m/fpu\libgcc.a(_arm_addsubdf3.o)
                0x08004f20                __aeabi_drsub
                0x08004f28                __aeabi_dsub
                0x08004f28                __subdf3
                0x08004f2c                __aeabi_dadd
                0x08004f2c                __adddf3
                0x080051a4                __floatunsidf
                0x080051a4                __aeabi_ui2d
                0x080051c4                __floatsidf
                0x080051c4                __aeabi_i2d
                0x080051e8                __aeabi_f2d
                0x080051e8                __extendsfdf2
                0x08005224                __floatundidf
                0x08005224                __aeabi_ul2d
                0x08005234                __floatdidf
                0x08005234                __aeabi_l2d
 .text          0x08005290      0x424 c:/program files (x86)/gnu tools arm embedded/5.4 2016q2/bin/../lib/gcc/arm-none-eabi/5.4.1/armv7e-m/fpu\libgcc.a(_arm_muldivdf3.o)
                0x08005290                __aeabi_dmul
                0x08005290                __muldf3
                0x080054e4                __divdf3
                0x080054e4                __aeabi_ddiv
 .text          0x080056b4       0xa0 c:/program files (x86)/gnu tools arm embedded/5.4 2016q2/bin/../lib/gcc/arm-none-eabi/5.4.1/armv7e-m/fpu\libgcc.a(_arm_truncdfsf2.o)
                0x080056b4                __truncdfsf2
                0x080056b4                __aeabi_d2f
 .text.__errno  0x08005754        0xc c:/program files (x86)/gnu tools arm embedded/5.4 2016q2/bin/../lib/gcc/arm-none-eabi/5.4.1/../../../../arm-none-eabi/lib/armv7e-m/fpu\libg_nano.a(lib_a-errno.o)
                0x08005754                __errno
 .text._vsnprintf_r
                0x08005760       0x56 c:/program files (x86)/gnu tools arm embedded/5.4 2016q2/bin/../lib/gcc/arm-none-eabi/5.4.1/../../../../arm-none-eabi/lib/armv7e-m/fpu\libg_nano.a(lib_a-vsnprintf.o)
                0x08005760                _vsniprintf_r
                0x08005760                _vsnprintf_r
 *fill*         0x080057b6        0x2 
 .text.vsnprintf
                0x080057b8       0x1c c:/program files (x86)/gnu tools arm embedded/5.4 2016q2/bin/../lib/gcc/arm-none-eabi/5.4.1/../../../../arm-none-eabi/lib/armv7e-m/fpu\libg_nano.a(lib_a-vsnprintf.o)
                0x080057b8                vsniprintf
                0x080057b8                vsnprintf
 .text.__ssputs_r
                0x080057d4       0xb2 c:/program files (x86)/gnu tools arm embedded/5.4 2016q2/bin/../lib/gcc/arm-none-eabi/5.4.1/../../../../arm-none-eabi/lib/armv7e-m/fpu\libg_nano.a(lib_a-nano-svfprintf.o)
                0x080057d4                __ssputs_r
 *fill*         0x08005886        0x2 
 .text._svfprintf_r
                0x08005888      0x1e8 c:/program files (x86)/gnu tools arm embedded/5.4 2016q2/bin/../lib/gcc/arm-none-eabi/5.4.1/../../../../arm-none-eabi/lib/armv7e-m/fpu\libg_nano.a(lib_a-nano-svfprintf.o)
                0x08005888                _svfiprintf_r
                0x08005888                _svfprintf_r
 .text._printf_common
                0x08005a70       0xec c:/program files (x86)/gnu tools arm embedded/5.4 2016q2/bin/../lib/gcc/arm-none-eabi/5.4.1/../../../../arm-none-eabi/lib/armv7e-m/fpu\libg_nano.a(lib_a-nano-vfprintf_i.o)
                0x08005a70                _printf_common
 .text._printf_i
                0x08005b5c      0x24c c:/program files (x86)/gnu tools arm embedded/5.4 2016q2/bin/../lib/gcc/arm-none-eabi/5.4.1/../../../../arm-none-eabi/lib/armv7e-m/fpu\libg_nano.a(lib_a-nano-vfprintf_i.o)
                0x08005b5c                _printf_i
 *fill*         0x08005da8        0x8 
 .text          0x08005db0       0xa0 c:/program files (x86)/gnu tools arm embedded/5.4 2016q2/bin/../lib/gcc/arm-none-eabi/5.4.1/../../../../arm-none-eabi/lib/armv7e-m/fpu\libg_nano.a(lib_a-memchr.o)
                0x08005db0                memchr
 .text.memcpy   0x08005e50       0x16 c:/program files (x86)/gnu tools arm embedded/5.4 2016q2/bin/../lib/gcc/arm-none-eabi/5.4.1/../../../../arm-none-eabi/lib/armv7e-m/fpu\libg_nano.a(lib_a-memcpy-stub.o)
                0x08005e50                memcpy
 .text.memmove  0x08005e66       0x36 c:/program files (x86)/gnu tools arm embedded/5.4 2016q2/bin/../lib/gcc/arm-none-eabi/5.4.1/../../../../arm-none-eabi/lib/armv7e-m/fpu\libg_nano.a(lib_a-memmove.o)
                0x08005e66                memmove
 .text._free_r  0x08005e9c       0x9c c:/program files (x86)/gnu tools arm embedded/5.4 2016q2/bin/../lib/gcc/arm-none-eabi/5.4.1/../../../../arm-none-eabi/lib/armv7e-m/fpu\libg_nano.a(lib_a-nano-freer.o)
                0x08005e9c                _free_r
 .text._malloc_r
                0x08005f38       0xbc c:/program files (x86)/gnu tools arm embedded/5.4 2016q2/bin/../lib/gcc/arm-none-eabi/5.4.1/../../../../arm-none-eabi/lib/armv7e-m/fpu\libg_nano.a(lib_a-nano-mallocr.o)
                0x08005f38                _malloc_r
 .text._realloc_r
                0x08005ff4       0x4c c:/program files (x86)/gnu tools arm embedded/5.4 2016q2/bin/../lib/gcc/arm-none-eabi/5.4.1/../../../../arm-none-eabi/lib/armv7e-m/fpu\libg_nano.a(lib_a-nano-reallocr.o)
                0x08005ff4                _realloc_r
 .text._sbrk_r  0x08006040       0x20 c:/program files (x86)/gnu tools arm embedded/5.4 2016q2/bin/../lib/gcc/arm-none-eabi/5.4.1/../../../../arm-none-eabi/lib/armv7e-m/fpu\libg_nano.a(lib_a-sbrkr.o)
                0x08006040                _sbrk_r
 .text.__malloc_lock
                0x08006060        0x2 c:/program files (x86)/gnu tools arm embedded/5.4 2016q2/bin/../lib/gcc/arm-none-eabi/5.4.1/../../../../arm-none-eabi/lib/armv7e-m/fpu\libg_nano.a(lib_a-mlock.o)
                0x08006060                __malloc_lock
 .text.__malloc_unlock
                0x08006062        0x2 c:/program files (x86)/gnu tools arm embedded/5.4 2016q2/bin/../lib/gcc/arm-none-eabi/5.4.1/../../../../arm-none-eabi/lib/armv7e-m/fpu\libg_nano.a(lib_a-mlock.o)
                0x08006062                __malloc_unlock
 .text._malloc_usable_size_r
                0x08006064       0x14 c:/program files (x86)/gnu tools arm embedded/5.4 2016q2/bin/../lib/gcc/arm-none-eabi/5.4.1/../../../../arm-none-eabi/lib/armv7e-m/fpu\libg_nano.a(lib_a-nano-msizer.o)
                0x08006064                _malloc_usable_size_r
 *(.rodata .rodata.* .constdata .constdata.*)
 .rodata.str1.4
                0x08006078       0x2e ./system/src/stm32f4-hal/stm32f4xx_hal_adc.o
 *fill*         0x080060a6        0x2 
 .rodata.str1.4
                0x080060a8       0x31 ./system/src/stm32f4-hal/stm32f4xx_hal_cortex.o
 *fill*         0x080060d9        0x3 
 .rodata.str1.4
                0x080060dc       0x2e ./system/src/stm32f4-hal/stm32f4xx_hal_dac.o
 *fill*         0x0800610a        0x2 
 .rodata.str1.4
                0x0800610c       0x2e ./system/src/stm32f4-hal/stm32f4xx_hal_dma.o
 *fill*         0x0800613a        0x2 
 .rodata.flagBitshiftOffset.7400
                0x0800613c        0x8 ./system/src/stm32f4-hal/stm32f4xx_hal_dma.o
 .rodata.str1.4
                0x08006144       0x2f ./system/src/stm32f4-hal/stm32f4xx_hal_gpio.o
 *fill*         0x08006173        0x1 
 .rodata.APBAHBPrescTable
                0x08006174       0x10 ./system/src/stm32f4-hal/stm32f4xx_hal_rcc.o
                0x08006174                APBAHBPrescTable
 .rodata.str1.4
                0x08006184       0x2e ./system/src/stm32f4-hal/stm32f4xx_hal_rcc.o
 *fill*         0x080061b2        0x2 
 .rodata.str1.4
                0x080061b4       0x2e ./system/src/stm32f4-hal/stm32f4xx_hal_tim.o
 *fill*         0x080061e2        0x2 
 .rodata.str1.4
                0x080061e4       0x31 ./system/src/stm32f4-hal/stm32f4xx_hal_tim_ex.o
 *fill*         0x08006215        0x3 
 .rodata.str1.4
                0x08006218       0x2f ./system/src/stm32f4-hal/stm32f4xx_hal_uart.o
 *fill*         0x08006247        0x1 
 .rodata.str1.4
                0x08006248      0x148 ./system/src/cortexm/exception_handlers.o
                                0x146 (size before relaxing)
 .rodata.AHBPrescTable
                0x08006390       0x10 ./system/src/cmsis/system_stm32f4xx.o
                0x08006390                AHBPrescTable
 .rodata.npio2_hw
                0x080063a0       0x80 c:/program files (x86)/gnu tools arm embedded/5.4 2016q2/bin/../lib/gcc/arm-none-eabi/5.4.1/../../../../arm-none-eabi/lib/armv7e-m/fpu\libm.a(lib_a-ef_rem_pio2.o)
 .rodata.two_over_pi
                0x08006420      0x318 c:/program files (x86)/gnu tools arm embedded/5.4 2016q2/bin/../lib/gcc/arm-none-eabi/5.4.1/../../../../arm-none-eabi/lib/armv7e-m/fpu\libm.a(lib_a-ef_rem_pio2.o)
 .rodata.init_jk
                0x08006738        0xc c:/program files (x86)/gnu tools arm embedded/5.4 2016q2/bin/../lib/gcc/arm-none-eabi/5.4.1/../../../../arm-none-eabi/lib/armv7e-m/fpu\libm.a(lib_a-kf_rem_pio2.o)
 .rodata.PIo2   0x08006744       0x2c c:/program files (x86)/gnu tools arm embedded/5.4 2016q2/bin/../lib/gcc/arm-none-eabi/5.4.1/../../../../arm-none-eabi/lib/armv7e-m/fpu\libm.a(lib_a-kf_rem_pio2.o)
 .rodata.str1.1
                0x08006770        0x2 c:/program files (x86)/gnu tools arm embedded/5.4 2016q2/bin/../lib/gcc/arm-none-eabi/5.4.1/../../../../arm-none-eabi/lib/armv7e-m/fpu\libg_nano.a(lib_a-impure.o)
 .rodata.str1.1
                0x08006772       0x11 c:/program files (x86)/gnu tools arm embedded/5.4 2016q2/bin/../lib/gcc/arm-none-eabi/5.4.1/../../../../arm-none-eabi/lib/armv7e-m/fpu\libg_nano.a(lib_a-nano-svfprintf.o)
 .rodata.str1.1
                0x08006783       0x22 c:/program files (x86)/gnu tools arm embedded/5.4 2016q2/bin/../lib/gcc/arm-none-eabi/5.4.1/../../../../arm-none-eabi/lib/armv7e-m/fpu\libg_nano.a(lib_a-nano-vfprintf_i.o)
 *(vtable)
 *(.eh_frame*)
 *(.glue_7)
 .glue_7        0x080067a5        0x0 linker stubs
 *(.glue_7t)
 .glue_7t       0x080067a5        0x0 linker stubs

.vfp11_veneer   0x080067a8        0x0
 .vfp11_veneer  0x080067a8        0x0 linker stubs

.v4_bx          0x080067a8        0x0
 .v4_bx         0x080067a8        0x0 linker stubs

.iplt           0x080067a8        0x0
 .iplt          0x080067a8        0x0 ./system/src/stm32f4-hal/stm32f4xx_hal.o

.rel.dyn        0x080067a8        0x0
 .rel.iplt      0x080067a8        0x0 ./system/src/stm32f4-hal/stm32f4xx_hal.o

.ARM.extab
 *(.ARM.extab* .gnu.linkonce.armextab.*)
                0x080067a8                . = ALIGN (0x4)
                0x080067a8                __exidx_start = .

.ARM.exidx
 *(.ARM.exidx* .gnu.linkonce.armexidx.*)
                0x080067a8                __exidx_end = .
                0x080067a8                . = ALIGN (0x4)
                0x080067a8                _etext = .
                0x080067a8                __etext = .

.data_CCMRAM    0x10000000        0x0 load address 0x080067a8
 FILL mask 0xff
 *(.data.CCMRAM .data.CCMRAM.*)
                0x10000000                . = ALIGN (0x4)
                0x080067a8                _sidata = LOADADDR (.data)

.data           0x20000000       0x78 load address 0x080067a8
 FILL mask 0xff
                0x20000000                _sdata = .
                0x20000000                __data_start__ = .
 *(.data_begin .data_begin.*)
 .data_begin    0x20000000        0x4 ./system/src/newlib/_startup.o
 *(.data .data.*)
 .data.argv.4284
                0x20000004        0x8 ./system/src/newlib/_syscalls.o
 .data.SystemCoreClock
                0x2000000c        0x4 ./system/src/cmsis/system_stm32f4xx.o
                0x2000000c                SystemCoreClock
 .data.impure_data
                0x20000010       0x60 c:/program files (x86)/gnu tools arm embedded/5.4 2016q2/bin/../lib/gcc/arm-none-eabi/5.4.1/../../../../arm-none-eabi/lib/armv7e-m/fpu\libg_nano.a(lib_a-impure.o)
 .data._impure_ptr
                0x20000070        0x4 c:/program files (x86)/gnu tools arm embedded/5.4 2016q2/bin/../lib/gcc/arm-none-eabi/5.4.1/../../../../arm-none-eabi/lib/armv7e-m/fpu\libg_nano.a(lib_a-impure.o)
                0x20000070                _impure_ptr
 *(.data_end .data_end.*)
 .data_end      0x20000074        0x4 ./system/src/newlib/_startup.o
                0x20000078                . = ALIGN (0x4)
                0x20000078                _edata = .
                0x20000078                __data_end__ = .

.igot.plt       0x20000078        0x0 load address 0x08006820
 .igot.plt      0x20000078        0x0 ./system/src/stm32f4-hal/stm32f4xx_hal.o

.bss_CCMRAM     0x10000000        0x0
 *(.bss.CCMRAM .bss.CCMRAM.*)

.bss            0x20000078      0x7b0
                0x20000078                __bss_start__ = .
                0x20000078                _sbss = .
 *(.bss_begin .bss_begin.*)
 .bss_begin     0x20000078        0x4 ./system/src/newlib/_startup.o
 *(.bss .bss.*)
 .bss.current_heap_end.3975
                0x2000007c        0x4 ./system/src/newlib/_sbrk.o
 .bss.name.4283
                0x20000080        0x1 ./system/src/newlib/_syscalls.o
 *fill*         0x20000081        0x3 
 .bss.buf.5167  0x20000084       0x80 ./system/src/diag/Trace.o
 .bss.pointer   0x20000104        0x4 ./src/stm32f4xx_it.o
                0x20000104                pointer
 .bss.aux       0x20000108        0x2 ./src/stm32f4xx_it.o
                0x20000108                aux
 *fill*         0x2000010a        0x2 
 .bss.__malloc_sbrk_start
                0x2000010c        0x4 c:/program files (x86)/gnu tools arm embedded/5.4 2016q2/bin/../lib/gcc/arm-none-eabi/5.4.1/../../../../arm-none-eabi/lib/armv7e-m/fpu\libg_nano.a(lib_a-nano-mallocr.o)
                0x2000010c                __malloc_sbrk_start
 .bss.__malloc_free_list
                0x20000110        0x4 c:/program files (x86)/gnu tools arm embedded/5.4 2016q2/bin/../lib/gcc/arm-none-eabi/5.4.1/../../../../arm-none-eabi/lib/armv7e-m/fpu\libg_nano.a(lib_a-nano-mallocr.o)
                0x20000110                __malloc_free_list
 *(COMMON)
 COMMON         0x20000114        0x4 ./system/src/stm32f4-hal/stm32f4xx_hal.o
                0x20000114                uwTick
 COMMON         0x20000118        0x4 ./system/src/newlib/_syscalls.o
                0x20000118                errno
 COMMON         0x2000011c      0x6f8 ./src/main.o
                0x2000011c                ccr
                0x20000120                psc
                0x20000124                arr
                0x20000128                hdma_uart4_rx
                0x20000180                m_usuario
                0x2000018c                enable
                0x20000190                hdma_usart1_tx
                0x200001e8                hadc1
                0x20000230                hdma_usart1_rx
                0x20000288                huart1
                0x200002c8                hdac
                0x200002dc                hdma_adc1
                0x20000334                multSeno
                0x20000338                htim1
                0x20000374                tipoModulacao
                0x20000378                buffer_saida
                0x20000778                huart4
                0x200007b8                ampSeno
                0x200007bc                hdma_uart4_tx
 COMMON         0x20000814       0x10 ./src/stm32f4xx_it.o
                0x20000814                interm3
                0x20000818                interm
                0x2000081c                interm2
                0x20000820                interm4
 *(.bss_end .bss_end.*)
 .bss_end       0x20000824        0x4 ./system/src/newlib/_startup.o
                0x20000828                . = ALIGN (0x4)
                0x20000828                __bss_end__ = .
                0x20000828                _ebss = .

.noinit_CCMRAM
 *(.noinit.CCMRAM .noinit.CCMRAM.*)

.noinit         0x20000828        0x0
                0x20000828                _noinit = .
 *(.noinit .noinit.*)
                0x20000828                . = ALIGN (0x4)
                0x20000828                _end_noinit = .
                [!provide]                PROVIDE (end, _end_noinit)
                [!provide]                PROVIDE (_end, _end_noinit)
                [!provide]                PROVIDE (__end, _end_noinit)
                [!provide]                PROVIDE (__end__, _end_noinit)

._check_stack   0x20000828      0x100
                0x20000928                . = (. + _Minimum_Stack_Size)
 *fill*         0x20000828      0x100 

.b1text
 *(.b1text)
 *(.b1rodata)
 *(.b1rodata.*)

.eb0text
 *(.eb0text)
 *(.eb0rodata)
 *(.eb0rodata.*)

.eb1text
 *(.eb1text)
 *(.eb1rodata)
 *(.eb1rodata.*)

.eb2text
 *(.eb2text)
 *(.eb2rodata)
 *(.eb2rodata.*)

.eb3text
 *(.eb3text)
 *(.eb3rodata)
 *(.eb3rodata.*)

.stab
 *(.stab)

.stabstr
 *(.stabstr)

.stab.excl
 *(.stab.excl)

.stab.exclstr
 *(.stab.exclstr)

.stab.index
 *(.stab.index)

.stab.indexstr
 *(.stab.indexstr)

.comment        0x00000000       0x6e
 *(.comment)
 .comment       0x00000000       0x6e ./system/src/stm32f4-hal/stm32f4xx_hal.o
                                 0x6f (size before relaxing)
 .comment       0x0000006e       0x6f ./system/src/stm32f4-hal/stm32f4xx_hal_adc.o
 .comment       0x0000006e       0x6f ./system/src/stm32f4-hal/stm32f4xx_hal_adc_ex.o
 .comment       0x0000006e       0x6f ./system/src/stm32f4-hal/stm32f4xx_hal_cortex.o
 .comment       0x0000006e       0x6f ./system/src/stm32f4-hal/stm32f4xx_hal_dac.o
 .comment       0x0000006e       0x6f ./system/src/stm32f4-hal/stm32f4xx_hal_dma.o
 .comment       0x0000006e       0x6f ./system/src/stm32f4-hal/stm32f4xx_hal_gpio.o
 .comment       0x0000006e       0x6f ./system/src/stm32f4-hal/stm32f4xx_hal_rcc.o
 .comment       0x0000006e       0x6f ./system/src/stm32f4-hal/stm32f4xx_hal_tim.o
 .comment       0x0000006e       0x6f ./system/src/stm32f4-hal/stm32f4xx_hal_tim_ex.o
 .comment       0x0000006e       0x6f ./system/src/stm32f4-hal/stm32f4xx_hal_uart.o
 .comment       0x0000006e       0x6f ./system/src/newlib/_exit.o
 .comment       0x0000006e       0x6f ./system/src/newlib/_sbrk.o
 .comment       0x0000006e       0x6f ./system/src/newlib/_startup.o
 .comment       0x0000006e       0x6f ./system/src/newlib/_syscalls.o
 .comment       0x0000006e       0x6f ./system/src/diag/Trace.o
 .comment       0x0000006e       0x6f ./system/src/diag/trace_impl.o
 .comment       0x0000006e       0x6f ./system/src/cortexm/_initialize_hardware.o
 .comment       0x0000006e       0x6f ./system/src/cortexm/exception_handlers.o
 .comment       0x0000006e       0x6f ./system/src/cmsis/system_stm32f4xx.o
 .comment       0x0000006e       0x6f ./system/src/cmsis/vectors_stm32f407xx.o
 .comment       0x0000006e       0x6f ./src/_initialize_hardware.o
 .comment       0x0000006e       0x6f ./src/main.o
 .comment       0x0000006e       0x6f ./src/stm32f4xx_hal_msp.o
 .comment       0x0000006e       0x6f ./src/stm32f4xx_it.o

.ARM.attributes
                0x00000000       0x37
 .ARM.attributes
                0x00000000       0x39 ./system/src/stm32f4-hal/stm32f4xx_hal.o
 .ARM.attributes
                0x00000039       0x39 ./system/src/stm32f4-hal/stm32f4xx_hal_adc.o
 .ARM.attributes
                0x00000072       0x39 ./system/src/stm32f4-hal/stm32f4xx_hal_adc_ex.o
 .ARM.attributes
                0x000000ab       0x39 ./system/src/stm32f4-hal/stm32f4xx_hal_cortex.o
 .ARM.attributes
                0x000000e4       0x39 ./system/src/stm32f4-hal/stm32f4xx_hal_dac.o
 .ARM.attributes
                0x0000011d       0x39 ./system/src/stm32f4-hal/stm32f4xx_hal_dma.o
 .ARM.attributes
                0x00000156       0x39 ./system/src/stm32f4-hal/stm32f4xx_hal_gpio.o
 .ARM.attributes
                0x0000018f       0x39 ./system/src/stm32f4-hal/stm32f4xx_hal_rcc.o
 .ARM.attributes
                0x000001c8       0x39 ./system/src/stm32f4-hal/stm32f4xx_hal_tim.o
 .ARM.attributes
                0x00000201       0x39 ./system/src/stm32f4-hal/stm32f4xx_hal_tim_ex.o
 .ARM.attributes
                0x0000023a       0x39 ./system/src/stm32f4-hal/stm32f4xx_hal_uart.o
 .ARM.attributes
                0x00000273       0x39 ./system/src/newlib/_exit.o
 .ARM.attributes
                0x000002ac       0x39 ./system/src/newlib/_sbrk.o
 .ARM.attributes
                0x000002e5       0x39 ./system/src/newlib/_startup.o
 .ARM.attributes
                0x0000031e       0x39 ./system/src/newlib/_syscalls.o
 .ARM.attributes
                0x00000357       0x39 ./system/src/diag/Trace.o
 .ARM.attributes
                0x00000390       0x39 ./system/src/diag/trace_impl.o
 .ARM.attributes
                0x000003c9       0x39 ./system/src/cortexm/_initialize_hardware.o
 .ARM.attributes
                0x00000402       0x39 ./system/src/cortexm/exception_handlers.o
 .ARM.attributes
                0x0000043b       0x39 ./system/src/cmsis/system_stm32f4xx.o
 .ARM.attributes
                0x00000474       0x39 ./system/src/cmsis/vectors_stm32f407xx.o
 .ARM.attributes
                0x000004ad       0x39 ./src/_initialize_hardware.o
 .ARM.attributes
                0x000004e6       0x39 ./src/main.o
 .ARM.attributes
                0x0000051f       0x39 ./src/stm32f4xx_hal_msp.o
 .ARM.attributes
                0x00000558       0x39 ./src/stm32f4xx_it.o
 .ARM.attributes
                0x00000591       0x34 c:/program files (x86)/gnu tools arm embedded/5.4 2016q2/bin/../lib/gcc/arm-none-eabi/5.4.1/../../../../arm-none-eabi/lib/armv7e-m/fpu\libm.a(lib_a-sf_sin.o)
 .ARM.attributes
                0x000005c5       0x34 c:/program files (x86)/gnu tools arm embedded/5.4 2016q2/bin/../lib/gcc/arm-none-eabi/5.4.1/../../../../arm-none-eabi/lib/armv7e-m/fpu\libm.a(lib_a-ef_rem_pio2.o)
 .ARM.attributes
                0x000005f9       0x34 c:/program files (x86)/gnu tools arm embedded/5.4 2016q2/bin/../lib/gcc/arm-none-eabi/5.4.1/../../../../arm-none-eabi/lib/armv7e-m/fpu\libm.a(lib_a-kf_cos.o)
 .ARM.attributes
                0x0000062d       0x34 c:/program files (x86)/gnu tools arm embedded/5.4 2016q2/bin/../lib/gcc/arm-none-eabi/5.4.1/../../../../arm-none-eabi/lib/armv7e-m/fpu\libm.a(lib_a-kf_rem_pio2.o)
 .ARM.attributes
                0x00000661       0x34 c:/program files (x86)/gnu tools arm embedded/5.4 2016q2/bin/../lib/gcc/arm-none-eabi/5.4.1/../../../../arm-none-eabi/lib/armv7e-m/fpu\libm.a(lib_a-kf_sin.o)
 .ARM.attributes
                0x00000695       0x34 c:/program files (x86)/gnu tools arm embedded/5.4 2016q2/bin/../lib/gcc/arm-none-eabi/5.4.1/../../../../arm-none-eabi/lib/armv7e-m/fpu\libm.a(lib_a-sf_fabs.o)
 .ARM.attributes
                0x000006c9       0x34 c:/program files (x86)/gnu tools arm embedded/5.4 2016q2/bin/../lib/gcc/arm-none-eabi/5.4.1/../../../../arm-none-eabi/lib/armv7e-m/fpu\libm.a(lib_a-sf_floor.o)
 .ARM.attributes
                0x000006fd       0x34 c:/program files (x86)/gnu tools arm embedded/5.4 2016q2/bin/../lib/gcc/arm-none-eabi/5.4.1/../../../../arm-none-eabi/lib/armv7e-m/fpu\libm.a(lib_a-sf_scalbn.o)
 .ARM.attributes
                0x00000731       0x34 c:/program files (x86)/gnu tools arm embedded/5.4 2016q2/bin/../lib/gcc/arm-none-eabi/5.4.1/../../../../arm-none-eabi/lib/armv7e-m/fpu\libm.a(lib_a-sf_copysign.o)
 .ARM.attributes
                0x00000765       0x22 c:/program files (x86)/gnu tools arm embedded/5.4 2016q2/bin/../lib/gcc/arm-none-eabi/5.4.1/armv7e-m/fpu\libgcc.a(_arm_addsubdf3.o)
 .ARM.attributes
                0x00000787       0x22 c:/program files (x86)/gnu tools arm embedded/5.4 2016q2/bin/../lib/gcc/arm-none-eabi/5.4.1/armv7e-m/fpu\libgcc.a(_arm_muldivdf3.o)
 .ARM.attributes
                0x000007a9       0x22 c:/program files (x86)/gnu tools arm embedded/5.4 2016q2/bin/../lib/gcc/arm-none-eabi/5.4.1/armv7e-m/fpu\libgcc.a(_arm_truncdfsf2.o)
 .ARM.attributes
                0x000007cb       0x34 c:/program files (x86)/gnu tools arm embedded/5.4 2016q2/bin/../lib/gcc/arm-none-eabi/5.4.1/../../../../arm-none-eabi/lib/armv7e-m/fpu\libg_nano.a(lib_a-errno.o)
 .ARM.attributes
                0x000007ff       0x34 c:/program files (x86)/gnu tools arm embedded/5.4 2016q2/bin/../lib/gcc/arm-none-eabi/5.4.1/../../../../arm-none-eabi/lib/armv7e-m/fpu\libg_nano.a(lib_a-impure.o)
 .ARM.attributes
                0x00000833       0x34 c:/program files (x86)/gnu tools arm embedded/5.4 2016q2/bin/../lib/gcc/arm-none-eabi/5.4.1/../../../../arm-none-eabi/lib/armv7e-m/fpu\libg_nano.a(lib_a-vsnprintf.o)
 .ARM.attributes
                0x00000867       0x34 c:/program files (x86)/gnu tools arm embedded/5.4 2016q2/bin/../lib/gcc/arm-none-eabi/5.4.1/../../../../arm-none-eabi/lib/armv7e-m/fpu\libg_nano.a(lib_a-nano-svfprintf.o)
 .ARM.attributes
                0x0000089b       0x34 c:/program files (x86)/gnu tools arm embedded/5.4 2016q2/bin/../lib/gcc/arm-none-eabi/5.4.1/../../../../arm-none-eabi/lib/armv7e-m/fpu\libg_nano.a(lib_a-nano-vfprintf_i.o)
 .ARM.attributes
                0x000008cf       0x20 c:/program files (x86)/gnu tools arm embedded/5.4 2016q2/bin/../lib/gcc/arm-none-eabi/5.4.1/../../../../arm-none-eabi/lib/armv7e-m/fpu\libg_nano.a(lib_a-memchr.o)
 .ARM.attributes
                0x000008ef       0x34 c:/program files (x86)/gnu tools arm embedded/5.4 2016q2/bin/../lib/gcc/arm-none-eabi/5.4.1/../../../../arm-none-eabi/lib/armv7e-m/fpu\libg_nano.a(lib_a-memcpy-stub.o)
 .ARM.attributes
                0x00000923       0x34 c:/program files (x86)/gnu tools arm embedded/5.4 2016q2/bin/../lib/gcc/arm-none-eabi/5.4.1/../../../../arm-none-eabi/lib/armv7e-m/fpu\libg_nano.a(lib_a-memmove.o)
 .ARM.attributes
                0x00000957       0x34 c:/program files (x86)/gnu tools arm embedded/5.4 2016q2/bin/../lib/gcc/arm-none-eabi/5.4.1/../../../../arm-none-eabi/lib/armv7e-m/fpu\libg_nano.a(lib_a-nano-freer.o)
 .ARM.attributes
                0x0000098b       0x34 c:/program files (x86)/gnu tools arm embedded/5.4 2016q2/bin/../lib/gcc/arm-none-eabi/5.4.1/../../../../arm-none-eabi/lib/armv7e-m/fpu\libg_nano.a(lib_a-nano-mallocr.o)
 .ARM.attributes
                0x000009bf       0x34 c:/program files (x86)/gnu tools arm embedded/5.4 2016q2/bin/../lib/gcc/arm-none-eabi/5.4.1/../../../../arm-none-eabi/lib/armv7e-m/fpu\libg_nano.a(lib_a-nano-reallocr.o)
 .ARM.attributes
                0x000009f3       0x34 c:/program files (x86)/gnu tools arm embedded/5.4 2016q2/bin/../lib/gcc/arm-none-eabi/5.4.1/../../../../arm-none-eabi/lib/armv7e-m/fpu\libg_nano.a(lib_a-sbrkr.o)
 .ARM.attributes
                0x00000a27       0x34 c:/program files (x86)/gnu tools arm embedded/5.4 2016q2/bin/../lib/gcc/arm-none-eabi/5.4.1/../../../../arm-none-eabi/lib/armv7e-m/fpu\libg_nano.a(lib_a-mlock.o)
 .ARM.attributes
                0x00000a5b       0x34 c:/program files (x86)/gnu tools arm embedded/5.4 2016q2/bin/../lib/gcc/arm-none-eabi/5.4.1/../../../../arm-none-eabi/lib/armv7e-m/fpu\libg_nano.a(lib_a-nano-msizer.o)

.debug
 *(.debug)

.line
 *(.line)

.debug_srcinfo
 *(.debug_srcinfo)

.debug_sfnames
 *(.debug_sfnames)

.debug_aranges  0x00000000      0xe70
 *(.debug_aranges)
 .debug_aranges
                0x00000000       0xc0 ./system/src/stm32f4-hal/stm32f4xx_hal.o
 .debug_aranges
                0x000000c0       0xe8 ./system/src/stm32f4-hal/stm32f4xx_hal_adc.o
 .debug_aranges
                0x000001a8       0x90 ./system/src/stm32f4-hal/stm32f4xx_hal_adc_ex.o
 .debug_aranges
                0x00000238       0x98 ./system/src/stm32f4-hal/stm32f4xx_hal_cortex.o
 .debug_aranges
                0x000002d0       0xc0 ./system/src/stm32f4-hal/stm32f4xx_hal_dac.o
 .debug_aranges
                0x00000390       0x70 ./system/src/stm32f4-hal/stm32f4xx_hal_dma.o
 .debug_aranges
                0x00000400       0x58 ./system/src/stm32f4-hal/stm32f4xx_hal_gpio.o
 .debug_aranges
                0x00000458       0x88 ./system/src/stm32f4-hal/stm32f4xx_hal_rcc.o
 .debug_aranges
                0x000004e0      0x368 ./system/src/stm32f4-hal/stm32f4xx_hal_tim.o
 .debug_aranges
                0x00000848      0x140 ./system/src/stm32f4-hal/stm32f4xx_hal_tim_ex.o
 .debug_aranges
                0x00000988      0x150 ./system/src/stm32f4-hal/stm32f4xx_hal_uart.o
 .debug_aranges
                0x00000ad8       0x28 ./system/src/newlib/_exit.o
 .debug_aranges
                0x00000b00       0x20 ./system/src/newlib/_sbrk.o
 .debug_aranges
                0x00000b20       0x40 ./system/src/newlib/_startup.o
 .debug_aranges
                0x00000b60       0x30 ./system/src/newlib/_syscalls.o
 .debug_aranges
                0x00000b90       0x38 ./system/src/diag/Trace.o
 .debug_aranges
                0x00000bc8       0x30 ./system/src/diag/trace_impl.o
 .debug_aranges
                0x00000bf8       0x28 ./system/src/cortexm/_initialize_hardware.o
 .debug_aranges
                0x00000c20       0x90 ./system/src/cortexm/exception_handlers.o
 .debug_aranges
                0x00000cb0       0x28 ./system/src/cmsis/system_stm32f4xx.o
 .debug_aranges
                0x00000cd8       0x20 ./system/src/cmsis/vectors_stm32f407xx.o
 .debug_aranges
                0x00000cf8       0x28 ./src/_initialize_hardware.o
 .debug_aranges
                0x00000d20       0x68 ./src/main.o
 .debug_aranges
                0x00000d88       0x68 ./src/stm32f4xx_hal_msp.o
 .debug_aranges
                0x00000df0       0x80 ./src/stm32f4xx_it.o

.debug_pubnames
 *(.debug_pubnames)

.debug_info     0x00000000    0x13b90
 *(.debug_info .gnu.linkonce.wi.*)
 .debug_info    0x00000000      0x8e3 ./system/src/stm32f4-hal/stm32f4xx_hal.o
 .debug_info    0x000008e3     0x119a ./system/src/stm32f4-hal/stm32f4xx_hal_adc.o
 .debug_info    0x00001a7d      0xd3f ./system/src/stm32f4-hal/stm32f4xx_hal_adc_ex.o
 .debug_info    0x000027bc     0x10f4 ./system/src/stm32f4-hal/stm32f4xx_hal_cortex.o
 .debug_info    0x000038b0      0xc11 ./system/src/stm32f4-hal/stm32f4xx_hal_dac.o
 .debug_info    0x000044c1      0x9c5 ./system/src/stm32f4-hal/stm32f4xx_hal_dma.o
 .debug_info    0x00004e86      0x86a ./system/src/stm32f4-hal/stm32f4xx_hal_gpio.o
 .debug_info    0x000056f0      0xf42 ./system/src/stm32f4-hal/stm32f4xx_hal_rcc.o
 .debug_info    0x00006632     0x431b ./system/src/stm32f4-hal/stm32f4xx_hal_tim.o
 .debug_info    0x0000a94d     0x18a0 ./system/src/stm32f4-hal/stm32f4xx_hal_tim_ex.o
 .debug_info    0x0000c1ed     0x14c8 ./system/src/stm32f4-hal/stm32f4xx_hal_uart.o
 .debug_info    0x0000d6b5       0xef ./system/src/newlib/_exit.o
 .debug_info    0x0000d7a4      0x11f ./system/src/newlib/_sbrk.o
 .debug_info    0x0000d8c3      0x4ef ./system/src/newlib/_startup.o
 .debug_info    0x0000ddb2      0x1c7 ./system/src/newlib/_syscalls.o
 .debug_info    0x0000df79      0x2e6 ./system/src/diag/Trace.o
 .debug_info    0x0000e25f      0x30a ./system/src/diag/trace_impl.o
 .debug_info    0x0000e569      0x2bf ./system/src/cortexm/_initialize_hardware.o
 .debug_info    0x0000e828      0x8f4 ./system/src/cortexm/exception_handlers.o
 .debug_info    0x0000f11c      0x4b9 ./system/src/cmsis/system_stm32f4xx.o
 .debug_info    0x0000f5d5       0xd1 ./system/src/cmsis/vectors_stm32f407xx.o
 .debug_info    0x0000f6a6      0x4e9 ./src/_initialize_hardware.o
 .debug_info    0x0000fb8f     0x1d27 ./src/main.o
 .debug_info    0x000118b6     0x14fd ./src/stm32f4xx_hal_msp.o
 .debug_info    0x00012db3      0xddd ./src/stm32f4xx_it.o

.debug_abbrev   0x00000000     0x2da5
 *(.debug_abbrev)
 .debug_abbrev  0x00000000      0x224 ./system/src/stm32f4-hal/stm32f4xx_hal.o
 .debug_abbrev  0x00000224      0x27e ./system/src/stm32f4-hal/stm32f4xx_hal_adc.o
 .debug_abbrev  0x000004a2      0x270 ./system/src/stm32f4-hal/stm32f4xx_hal_adc_ex.o
 .debug_abbrev  0x00000712      0x324 ./system/src/stm32f4-hal/stm32f4xx_hal_cortex.o
 .debug_abbrev  0x00000a36      0x202 ./system/src/stm32f4-hal/stm32f4xx_hal_dac.o
 .debug_abbrev  0x00000c38      0x270 ./system/src/stm32f4-hal/stm32f4xx_hal_dma.o
 .debug_abbrev  0x00000ea8      0x204 ./system/src/stm32f4-hal/stm32f4xx_hal_gpio.o
 .debug_abbrev  0x000010ac      0x2b8 ./system/src/stm32f4-hal/stm32f4xx_hal_rcc.o
 .debug_abbrev  0x00001364      0x21b ./system/src/stm32f4-hal/stm32f4xx_hal_tim.o
 .debug_abbrev  0x0000157f      0x21b ./system/src/stm32f4-hal/stm32f4xx_hal_tim_ex.o
 .debug_abbrev  0x0000179a      0x239 ./system/src/stm32f4-hal/stm32f4xx_hal_uart.o
 .debug_abbrev  0x000019d3       0x8e ./system/src/newlib/_exit.o
 .debug_abbrev  0x00001a61       0xb9 ./system/src/newlib/_sbrk.o
 .debug_abbrev  0x00001b1a      0x1d4 ./system/src/newlib/_startup.o
 .debug_abbrev  0x00001cee       0xec ./system/src/newlib/_syscalls.o
 .debug_abbrev  0x00001dda      0x145 ./system/src/diag/Trace.o
 .debug_abbrev  0x00001f1f      0x1c8 ./system/src/diag/trace_impl.o
 .debug_abbrev  0x000020e7       0xea ./system/src/cortexm/_initialize_hardware.o
 .debug_abbrev  0x000021d1      0x247 ./system/src/cortexm/exception_handlers.o
 .debug_abbrev  0x00002418      0x104 ./system/src/cmsis/system_stm32f4xx.o
 .debug_abbrev  0x0000251c       0x9d ./system/src/cmsis/vectors_stm32f407xx.o
 .debug_abbrev  0x000025b9      0x14c ./src/_initialize_hardware.o
 .debug_abbrev  0x00002705      0x27b ./src/main.o
 .debug_abbrev  0x00002980      0x203 ./src/stm32f4xx_hal_msp.o
 .debug_abbrev  0x00002b83      0x222 ./src/stm32f4xx_it.o

.debug_line     0x00000000     0xedae
 *(.debug_line)
 .debug_line    0x00000000      0x7d2 ./system/src/stm32f4-hal/stm32f4xx_hal.o
 .debug_line    0x000007d2      0xce4 ./system/src/stm32f4-hal/stm32f4xx_hal_adc.o
 .debug_line    0x000014b6      0xb1d ./system/src/stm32f4-hal/stm32f4xx_hal_adc_ex.o
 .debug_line    0x00001fd3      0x8b5 ./system/src/stm32f4-hal/stm32f4xx_hal_cortex.o
 .debug_line    0x00002888      0x965 ./system/src/stm32f4-hal/stm32f4xx_hal_dac.o
 .debug_line    0x000031ed      0x963 ./system/src/stm32f4-hal/stm32f4xx_hal_dma.o
 .debug_line    0x00003b50      0x966 ./system/src/stm32f4-hal/stm32f4xx_hal_gpio.o
 .debug_line    0x000044b6      0xa84 ./system/src/stm32f4-hal/stm32f4xx_hal_rcc.o
 .debug_line    0x00004f3a     0x3394 ./system/src/stm32f4-hal/stm32f4xx_hal_tim.o
 .debug_line    0x000082ce     0x111d ./system/src/stm32f4-hal/stm32f4xx_hal_tim_ex.o
 .debug_line    0x000093eb      0xed9 ./system/src/stm32f4-hal/stm32f4xx_hal_uart.o
 .debug_line    0x0000a2c4      0x33c ./system/src/newlib/_exit.o
 .debug_line    0x0000a600      0x2ee ./system/src/newlib/_sbrk.o
 .debug_line    0x0000a8ee      0x3b6 ./system/src/newlib/_startup.o
 .debug_line    0x0000aca4      0x3fc ./system/src/newlib/_syscalls.o
 .debug_line    0x0000b0a0      0x39b ./system/src/diag/Trace.o
 .debug_line    0x0000b43b      0x70d ./system/src/diag/trace_impl.o
 .debug_line    0x0000bb48      0x679 ./system/src/cortexm/_initialize_hardware.o
 .debug_line    0x0000c1c1      0x79f ./system/src/cortexm/exception_handlers.o
 .debug_line    0x0000c960      0x677 ./system/src/cmsis/system_stm32f4xx.o
 .debug_line    0x0000cfd7      0x105 ./system/src/cmsis/vectors_stm32f407xx.o
 .debug_line    0x0000d0dc      0x66f ./src/_initialize_hardware.o
 .debug_line    0x0000d74b      0x78d ./src/main.o
 .debug_line    0x0000ded8      0x749 ./src/stm32f4xx_hal_msp.o
 .debug_line    0x0000e621      0x78d ./src/stm32f4xx_it.o

.debug_frame    0x00000000     0x2b54
 *(.debug_frame)
 .debug_frame   0x00000000      0x188 ./system/src/stm32f4-hal/stm32f4xx_hal.o
 .debug_frame   0x00000188      0x27c ./system/src/stm32f4-hal/stm32f4xx_hal_adc.o
 .debug_frame   0x00000404      0x188 ./system/src/stm32f4-hal/stm32f4xx_hal_adc_ex.o
 .debug_frame   0x0000058c      0x17c ./system/src/stm32f4-hal/stm32f4xx_hal_cortex.o
 .debug_frame   0x00000708      0x1fc ./system/src/stm32f4-hal/stm32f4xx_hal_dac.o
 .debug_frame   0x00000904      0x148 ./system/src/stm32f4-hal/stm32f4xx_hal_dma.o
 .debug_frame   0x00000a4c       0xf8 ./system/src/stm32f4-hal/stm32f4xx_hal_gpio.o
 .debug_frame   0x00000b44      0x158 ./system/src/stm32f4-hal/stm32f4xx_hal_rcc.o
 .debug_frame   0x00000c9c      0xa8c ./system/src/stm32f4-hal/stm32f4xx_hal_tim.o
 .debug_frame   0x00001728      0x3e4 ./system/src/stm32f4-hal/stm32f4xx_hal_tim_ex.o
 .debug_frame   0x00001b0c      0x39c ./system/src/stm32f4-hal/stm32f4xx_hal_uart.o
 .debug_frame   0x00001ea8       0x38 ./system/src/newlib/_exit.o
 .debug_frame   0x00001ee0       0x28 ./system/src/newlib/_sbrk.o
 .debug_frame   0x00001f08       0x7c ./system/src/newlib/_startup.o
 .debug_frame   0x00001f84       0x50 ./system/src/newlib/_syscalls.o
 .debug_frame   0x00001fd4       0x94 ./system/src/diag/Trace.o
 .debug_frame   0x00002068       0x60 ./system/src/diag/trace_impl.o
 .debug_frame   0x000020c8       0x40 ./system/src/cortexm/_initialize_hardware.o
 .debug_frame   0x00002108      0x158 ./system/src/cortexm/exception_handlers.o
 .debug_frame   0x00002260       0x30 ./system/src/cmsis/system_stm32f4xx.o
 .debug_frame   0x00002290       0x20 ./system/src/cmsis/vectors_stm32f407xx.o
 .debug_frame   0x000022b0       0x48 ./src/_initialize_hardware.o
 .debug_frame   0x000022f8      0x144 ./src/main.o
 .debug_frame   0x0000243c      0x154 ./src/stm32f4xx_hal_msp.o
 .debug_frame   0x00002590      0x150 ./src/stm32f4xx_it.o
 .debug_frame   0x000026e0       0x34 c:/program files (x86)/gnu tools arm embedded/5.4 2016q2/bin/../lib/gcc/arm-none-eabi/5.4.1/../../../../arm-none-eabi/lib/armv7e-m/fpu\libm.a(lib_a-sf_sin.o)
 .debug_frame   0x00002714       0x3c c:/program files (x86)/gnu tools arm embedded/5.4 2016q2/bin/../lib/gcc/arm-none-eabi/5.4.1/../../../../arm-none-eabi/lib/armv7e-m/fpu\libm.a(lib_a-ef_rem_pio2.o)
 .debug_frame   0x00002750       0x20 c:/program files (x86)/gnu tools arm embedded/5.4 2016q2/bin/../lib/gcc/arm-none-eabi/5.4.1/../../../../arm-none-eabi/lib/armv7e-m/fpu\libm.a(lib_a-kf_cos.o)
 .debug_frame   0x00002770       0x5c c:/program files (x86)/gnu tools arm embedded/5.4 2016q2/bin/../lib/gcc/arm-none-eabi/5.4.1/../../../../arm-none-eabi/lib/armv7e-m/fpu\libm.a(lib_a-kf_rem_pio2.o)
 .debug_frame   0x000027cc       0x20 c:/program files (x86)/gnu tools arm embedded/5.4 2016q2/bin/../lib/gcc/arm-none-eabi/5.4.1/../../../../arm-none-eabi/lib/armv7e-m/fpu\libm.a(lib_a-kf_sin.o)
 .debug_frame   0x000027ec       0x20 c:/program files (x86)/gnu tools arm embedded/5.4 2016q2/bin/../lib/gcc/arm-none-eabi/5.4.1/../../../../arm-none-eabi/lib/armv7e-m/fpu\libm.a(lib_a-sf_fabs.o)
 .debug_frame   0x0000280c       0x20 c:/program files (x86)/gnu tools arm embedded/5.4 2016q2/bin/../lib/gcc/arm-none-eabi/5.4.1/../../../../arm-none-eabi/lib/armv7e-m/fpu\libm.a(lib_a-sf_floor.o)
 .debug_frame   0x0000282c       0x44 c:/program files (x86)/gnu tools arm embedded/5.4 2016q2/bin/../lib/gcc/arm-none-eabi/5.4.1/../../../../arm-none-eabi/lib/armv7e-m/fpu\libm.a(lib_a-sf_scalbn.o)
 .debug_frame   0x00002870       0x20 c:/program files (x86)/gnu tools arm embedded/5.4 2016q2/bin/../lib/gcc/arm-none-eabi/5.4.1/../../../../arm-none-eabi/lib/armv7e-m/fpu\libm.a(lib_a-sf_copysign.o)
 .debug_frame   0x00002890       0x20 c:/program files (x86)/gnu tools arm embedded/5.4 2016q2/bin/../lib/gcc/arm-none-eabi/5.4.1/../../../../arm-none-eabi/lib/armv7e-m/fpu\libg_nano.a(lib_a-errno.o)
 .debug_frame   0x000028b0       0x48 c:/program files (x86)/gnu tools arm embedded/5.4 2016q2/bin/../lib/gcc/arm-none-eabi/5.4.1/../../../../arm-none-eabi/lib/armv7e-m/fpu\libg_nano.a(lib_a-vsnprintf.o)
 .debug_frame   0x000028f8       0x90 c:/program files (x86)/gnu tools arm embedded/5.4 2016q2/bin/../lib/gcc/arm-none-eabi/5.4.1/../../../../arm-none-eabi/lib/armv7e-m/fpu\libg_nano.a(lib_a-nano-svfprintf.o)
 .debug_frame   0x00002988       0x60 c:/program files (x86)/gnu tools arm embedded/5.4 2016q2/bin/../lib/gcc/arm-none-eabi/5.4.1/../../../../arm-none-eabi/lib/armv7e-m/fpu\libg_nano.a(lib_a-nano-vfprintf_i.o)
 .debug_frame   0x000029e8       0x28 c:/program files (x86)/gnu tools arm embedded/5.4 2016q2/bin/../lib/gcc/arm-none-eabi/5.4.1/../../../../arm-none-eabi/lib/armv7e-m/fpu\libg_nano.a(lib_a-memcpy-stub.o)
 .debug_frame   0x00002a10       0x28 c:/program files (x86)/gnu tools arm embedded/5.4 2016q2/bin/../lib/gcc/arm-none-eabi/5.4.1/../../../../arm-none-eabi/lib/armv7e-m/fpu\libg_nano.a(lib_a-memmove.o)
 .debug_frame   0x00002a38       0x38 c:/program files (x86)/gnu tools arm embedded/5.4 2016q2/bin/../lib/gcc/arm-none-eabi/5.4.1/../../../../arm-none-eabi/lib/armv7e-m/fpu\libg_nano.a(lib_a-nano-freer.o)
 .debug_frame   0x00002a70       0x2c c:/program files (x86)/gnu tools arm embedded/5.4 2016q2/bin/../lib/gcc/arm-none-eabi/5.4.1/../../../../arm-none-eabi/lib/armv7e-m/fpu\libg_nano.a(lib_a-nano-mallocr.o)
 .debug_frame   0x00002a9c       0x3c c:/program files (x86)/gnu tools arm embedded/5.4 2016q2/bin/../lib/gcc/arm-none-eabi/5.4.1/../../../../arm-none-eabi/lib/armv7e-m/fpu\libg_nano.a(lib_a-nano-reallocr.o)
 .debug_frame   0x00002ad8       0x2c c:/program files (x86)/gnu tools arm embedded/5.4 2016q2/bin/../lib/gcc/arm-none-eabi/5.4.1/../../../../arm-none-eabi/lib/armv7e-m/fpu\libg_nano.a(lib_a-sbrkr.o)
 .debug_frame   0x00002b04       0x30 c:/program files (x86)/gnu tools arm embedded/5.4 2016q2/bin/../lib/gcc/arm-none-eabi/5.4.1/../../../../arm-none-eabi/lib/armv7e-m/fpu\libg_nano.a(lib_a-mlock.o)
 .debug_frame   0x00002b34       0x20 c:/program files (x86)/gnu tools arm embedded/5.4 2016q2/bin/../lib/gcc/arm-none-eabi/5.4.1/../../../../arm-none-eabi/lib/armv7e-m/fpu\libg_nano.a(lib_a-nano-msizer.o)

.debug_str      0x00000000    0x86190
 *(.debug_str)
 .debug_str     0x00000000    0x7f814 ./system/src/stm32f4-hal/stm32f4xx_hal.o
                              0x7fbf1 (size before relaxing)
 .debug_str     0x0007f814      0x6d4 ./system/src/stm32f4-hal/stm32f4xx_hal_adc.o
                              0x7f817 (size before relaxing)
 .debug_str     0x0007fee8      0x2d5 ./system/src/stm32f4-hal/stm32f4xx_hal_adc_ex.o
                              0x7f866 (size before relaxing)
 .debug_str     0x000801bd      0x36d ./system/src/stm32f4-hal/stm32f4xx_hal_cortex.o
                              0x7fa59 (size before relaxing)
 .debug_str     0x0008052a      0x33d ./system/src/stm32f4-hal/stm32f4xx_hal_dac.o
                              0x7f69b (size before relaxing)
 .debug_str     0x00080867      0x19b ./system/src/stm32f4-hal/stm32f4xx_hal_dma.o
                              0x7f4f2 (size before relaxing)
 .debug_str     0x00080a02      0x2d1 ./system/src/stm32f4-hal/stm32f4xx_hal_gpio.o
                              0x7f46a (size before relaxing)
 .debug_str     0x00080cd3      0x384 ./system/src/stm32f4-hal/stm32f4xx_hal_rcc.o
                              0x7f608 (size before relaxing)
 .debug_str     0x00081057      0xe61 ./system/src/stm32f4-hal/stm32f4xx_hal_tim.o
                              0x80273 (size before relaxing)
 .debug_str     0x00081eb8      0x4e2 ./system/src/stm32f4-hal/stm32f4xx_hal_tim_ex.o
                              0x7fb2b (size before relaxing)
 .debug_str     0x0008239a      0x512 ./system/src/stm32f4-hal/stm32f4xx_hal_uart.o
                              0x7f8e4 (size before relaxing)
 .debug_str     0x000828ac     0x10b6 ./system/src/newlib/_exit.o
                               0x6f2f (size before relaxing)
 .debug_str     0x00083962      0x4de ./system/src/newlib/_sbrk.o
                               0x631a (size before relaxing)
 .debug_str     0x00083e40      0x2cc ./system/src/newlib/_startup.o
                               0x5f19 (size before relaxing)
 .debug_str     0x0008410c      0xe08 ./system/src/newlib/_syscalls.o
                               0x716a (size before relaxing)
 .debug_str     0x00084f14      0x188 ./system/src/diag/Trace.o
                               0x770f (size before relaxing)
 .debug_str     0x0008509c      0x37b ./system/src/diag/trace_impl.o
                              0x80338 (size before relaxing)
 .debug_str     0x00085417       0x5e ./system/src/cortexm/_initialize_hardware.o
                              0x7f119 (size before relaxing)
 .debug_str     0x00085475      0x19d ./system/src/cortexm/exception_handlers.o
                              0x804b2 (size before relaxing)
 .debug_str     0x00085612       0x46 ./system/src/cmsis/system_stm32f4xx.o
                              0x7f1f8 (size before relaxing)
 .debug_str     0x00085658       0x59 ./system/src/cmsis/vectors_stm32f407xx.o
                               0x30d0 (size before relaxing)
 .debug_str     0x000856b1       0x31 ./src/_initialize_hardware.o
                              0x7f2fe (size before relaxing)
 .debug_str     0x000856e2      0x133 ./src/main.o
                              0x8052a (size before relaxing)
 .debug_str     0x00085815       0x24 ./src/stm32f4xx_hal_msp.o
                              0x80096 (size before relaxing)
 .debug_str     0x00085839      0x957 ./src/stm32f4xx_it.o
                              0x80306 (size before relaxing)

.debug_loc      0x00000000     0x7994
 *(.debug_loc)
 .debug_loc     0x00000000       0x92 ./system/src/stm32f4-hal/stm32f4xx_hal.o
 .debug_loc     0x00000092      0x6c3 ./system/src/stm32f4-hal/stm32f4xx_hal_adc.o
 .debug_loc     0x00000755      0x790 ./system/src/stm32f4-hal/stm32f4xx_hal_adc_ex.o
 .debug_loc     0x00000ee5      0x580 ./system/src/stm32f4-hal/stm32f4xx_hal_cortex.o
 .debug_loc     0x00001465      0x6f3 ./system/src/stm32f4-hal/stm32f4xx_hal_dac.o
 .debug_loc     0x00001b58      0x4d2 ./system/src/stm32f4-hal/stm32f4xx_hal_dma.o
 .debug_loc     0x0000202a      0x4b0 ./system/src/stm32f4-hal/stm32f4xx_hal_gpio.o
 .debug_loc     0x000024da      0x57a ./system/src/stm32f4-hal/stm32f4xx_hal_rcc.o
 .debug_loc     0x00002a54     0x2713 ./system/src/stm32f4-hal/stm32f4xx_hal_tim.o
 .debug_loc     0x00005167      0xc57 ./system/src/stm32f4-hal/stm32f4xx_hal_tim_ex.o
 .debug_loc     0x00005dbe      0xf81 ./system/src/stm32f4-hal/stm32f4xx_hal_uart.o
 .debug_loc     0x00006d3f       0x82 ./system/src/newlib/_sbrk.o
 .debug_loc     0x00006dc1      0x36e ./system/src/newlib/_startup.o
 .debug_loc     0x0000712f       0x63 ./system/src/newlib/_syscalls.o
 .debug_loc     0x00007192      0x102 ./system/src/diag/Trace.o
 .debug_loc     0x00007294      0x17c ./system/src/diag/trace_impl.o
 .debug_loc     0x00007410      0x2a8 ./system/src/cortexm/exception_handlers.o
 .debug_loc     0x000076b8      0x132 ./system/src/cmsis/system_stm32f4xx.o
 .debug_loc     0x000077ea       0x40 ./src/main.o
 .debug_loc     0x0000782a      0x16a ./src/stm32f4xx_hal_msp.o

.debug_macinfo
 *(.debug_macinfo)

.debug_weaknames
 *(.debug_weaknames)

.debug_funcnames
 *(.debug_funcnames)

.debug_typenames
 *(.debug_typenames)

.debug_varnames
 *(.debug_varnames)
OUTPUT(ProgramaKitDidatico.elf elf32-littlearm)

.debug_ranges   0x00000000      0xd10
 .debug_ranges  0x00000000       0xb0 ./system/src/stm32f4-hal/stm32f4xx_hal.o
 .debug_ranges  0x000000b0       0xd8 ./system/src/stm32f4-hal/stm32f4xx_hal_adc.o
 .debug_ranges  0x00000188       0x80 ./system/src/stm32f4-hal/stm32f4xx_hal_adc_ex.o
 .debug_ranges  0x00000208       0x88 ./system/src/stm32f4-hal/stm32f4xx_hal_cortex.o
 .debug_ranges  0x00000290       0xb0 ./system/src/stm32f4-hal/stm32f4xx_hal_dac.o
 .debug_ranges  0x00000340       0x60 ./system/src/stm32f4-hal/stm32f4xx_hal_dma.o
 .debug_ranges  0x000003a0       0x48 ./system/src/stm32f4-hal/stm32f4xx_hal_gpio.o
 .debug_ranges  0x000003e8       0x78 ./system/src/stm32f4-hal/stm32f4xx_hal_rcc.o
 .debug_ranges  0x00000460      0x358 ./system/src/stm32f4-hal/stm32f4xx_hal_tim.o
 .debug_ranges  0x000007b8      0x130 ./system/src/stm32f4-hal/stm32f4xx_hal_tim_ex.o
 .debug_ranges  0x000008e8      0x140 ./system/src/stm32f4-hal/stm32f4xx_hal_uart.o
 .debug_ranges  0x00000a28       0x18 ./system/src/newlib/_exit.o
 .debug_ranges  0x00000a40       0x10 ./system/src/newlib/_sbrk.o
 .debug_ranges  0x00000a50       0x30 ./system/src/newlib/_startup.o
 .debug_ranges  0x00000a80       0x20 ./system/src/newlib/_syscalls.o
 .debug_ranges  0x00000aa0       0x28 ./system/src/diag/Trace.o
 .debug_ranges  0x00000ac8       0x38 ./system/src/diag/trace_impl.o
 .debug_ranges  0x00000b00       0x18 ./system/src/cortexm/_initialize_hardware.o
 .debug_ranges  0x00000b18       0x98 ./system/src/cortexm/exception_handlers.o
 .debug_ranges  0x00000bb0       0x18 ./system/src/cmsis/system_stm32f4xx.o
 .debug_ranges  0x00000bc8       0x10 ./system/src/cmsis/vectors_stm32f407xx.o
 .debug_ranges  0x00000bd8       0x18 ./src/_initialize_hardware.o
 .debug_ranges  0x00000bf0       0x58 ./src/main.o
 .debug_ranges  0x00000c48       0x58 ./src/stm32f4xx_hal_msp.o
 .debug_ranges  0x00000ca0       0x70 ./src/stm32f4xx_it.o

.debug_macro    0x00000000    0x1803c
 .debug_macro   0x00000000      0x36e ./system/src/stm32f4-hal/stm32f4xx_hal.o
 .debug_macro   0x0000036e      0x8a4 ./system/src/stm32f4-hal/stm32f4xx_hal.o
 .debug_macro   0x00000c12      0x1b6 ./system/src/stm32f4-hal/stm32f4xx_hal.o
 .debug_macro   0x00000dc8       0x2e ./system/src/stm32f4-hal/stm32f4xx_hal.o
 .debug_macro   0x00000df6       0x28 ./system/src/stm32f4-hal/stm32f4xx_hal.o
 .debug_macro   0x00000e1e      0x34e ./system/src/stm32f4-hal/stm32f4xx_hal.o
 .debug_macro   0x0000116c       0x35 ./system/src/stm32f4-hal/stm32f4xx_hal.o
 .debug_macro   0x000011a1       0x50 ./system/src/stm32f4-hal/stm32f4xx_hal.o
 .debug_macro   0x000011f1      0xe66 ./system/src/stm32f4-hal/stm32f4xx_hal.o
 .debug_macro   0x00002057     0x929b ./system/src/stm32f4-hal/stm32f4xx_hal.o
 .debug_macro   0x0000b2f2       0x43 ./system/src/stm32f4-hal/stm32f4xx_hal.o
 .debug_macro   0x0000b335     0x33a6 ./system/src/stm32f4-hal/stm32f4xx_hal.o
 .debug_macro   0x0000e6db       0x22 ./system/src/stm32f4-hal/stm32f4xx_hal.o
 .debug_macro   0x0000e6fd       0x4c ./system/src/stm32f4-hal/stm32f4xx_hal.o
 .debug_macro   0x0000e749       0x8d ./system/src/stm32f4-hal/stm32f4xx_hal.o
 .debug_macro   0x0000e7d6       0x35 ./system/src/stm32f4-hal/stm32f4xx_hal.o
 .debug_macro   0x0000e80b       0x9c ./system/src/stm32f4-hal/stm32f4xx_hal.o
 .debug_macro   0x0000e8a7       0x16 ./system/src/stm32f4-hal/stm32f4xx_hal.o
 .debug_macro   0x0000e8bd       0x4a ./system/src/stm32f4-hal/stm32f4xx_hal.o
 .debug_macro   0x0000e907       0x97 ./system/src/stm32f4-hal/stm32f4xx_hal.o
 .debug_macro   0x0000e99e      0x30d ./system/src/stm32f4-hal/stm32f4xx_hal.o
 .debug_macro   0x0000ecab       0xfd ./system/src/stm32f4-hal/stm32f4xx_hal.o
 .debug_macro   0x0000eda8       0x10 ./system/src/stm32f4-hal/stm32f4xx_hal.o
 .debug_macro   0x0000edb8       0x52 ./system/src/stm32f4-hal/stm32f4xx_hal.o
 .debug_macro   0x0000ee0a       0x1f ./system/src/stm32f4-hal/stm32f4xx_hal.o
 .debug_macro   0x0000ee29       0x43 ./system/src/stm32f4-hal/stm32f4xx_hal.o
 .debug_macro   0x0000ee6c       0x20 ./system/src/stm32f4-hal/stm32f4xx_hal.o
 .debug_macro   0x0000ee8c      0x187 ./system/src/stm32f4-hal/stm32f4xx_hal.o
 .debug_macro   0x0000f013       0x10 ./system/src/stm32f4-hal/stm32f4xx_hal.o
 .debug_macro   0x0000f023       0x5e ./system/src/stm32f4-hal/stm32f4xx_hal.o
 .debug_macro   0x0000f081       0x1c ./system/src/stm32f4-hal/stm32f4xx_hal.o
 .debug_macro   0x0000f09d       0x52 ./system/src/stm32f4-hal/stm32f4xx_hal.o
 .debug_macro   0x0000f0ef       0x40 ./system/src/stm32f4-hal/stm32f4xx_hal.o
 .debug_macro   0x0000f12f       0x10 ./system/src/stm32f4-hal/stm32f4xx_hal.o
 .debug_macro   0x0000f13f       0x40 ./system/src/stm32f4-hal/stm32f4xx_hal.o
 .debug_macro   0x0000f17f       0xd7 ./system/src/stm32f4-hal/stm32f4xx_hal.o
 .debug_macro   0x0000f256       0x16 ./system/src/stm32f4-hal/stm32f4xx_hal.o
 .debug_macro   0x0000f26c      0x189 ./system/src/stm32f4-hal/stm32f4xx_hal.o
 .debug_macro   0x0000f3f5       0x57 ./system/src/stm32f4-hal/stm32f4xx_hal.o
 .debug_macro   0x0000f44c      0x964 ./system/src/stm32f4-hal/stm32f4xx_hal.o
 .debug_macro   0x0000fdb0      0x9da ./system/src/stm32f4-hal/stm32f4xx_hal.o
 .debug_macro   0x0001078a      0x11e ./system/src/stm32f4-hal/stm32f4xx_hal.o
 .debug_macro   0x000108a8      0x13e ./system/src/stm32f4-hal/stm32f4xx_hal.o
 .debug_macro   0x000109e6       0x27 ./system/src/stm32f4-hal/stm32f4xx_hal.o
 .debug_macro   0x00010a0d      0x272 ./system/src/stm32f4-hal/stm32f4xx_hal.o
 .debug_macro   0x00010c7f       0x5f ./system/src/stm32f4-hal/stm32f4xx_hal.o
 .debug_macro   0x00010cde      0x23a ./system/src/stm32f4-hal/stm32f4xx_hal.o
 .debug_macro   0x00010f18      0x391 ./system/src/stm32f4-hal/stm32f4xx_hal.o
 .debug_macro   0x000112a9      0x16f ./system/src/stm32f4-hal/stm32f4xx_hal.o
 .debug_macro   0x00011418       0xf9 ./system/src/stm32f4-hal/stm32f4xx_hal.o
 .debug_macro   0x00011511       0xe6 ./system/src/stm32f4-hal/stm32f4xx_hal.o
 .debug_macro   0x000115f7       0xa1 ./system/src/stm32f4-hal/stm32f4xx_hal.o
 .debug_macro   0x00011698       0x3c ./system/src/stm32f4-hal/stm32f4xx_hal.o
 .debug_macro   0x000116d4      0x13a ./system/src/stm32f4-hal/stm32f4xx_hal.o
 .debug_macro   0x0001180e      0x21e ./system/src/stm32f4-hal/stm32f4xx_hal.o
 .debug_macro   0x00011a2c       0x2e ./system/src/stm32f4-hal/stm32f4xx_hal.o
 .debug_macro   0x00011a5a      0x11e ./system/src/stm32f4-hal/stm32f4xx_hal.o
 .debug_macro   0x00011b78       0x7f ./system/src/stm32f4-hal/stm32f4xx_hal.o
 .debug_macro   0x00011bf7       0x89 ./system/src/stm32f4-hal/stm32f4xx_hal.o
 .debug_macro   0x00011c80      0x6d9 ./system/src/stm32f4-hal/stm32f4xx_hal.o
 .debug_macro   0x00012359       0x5b ./system/src/stm32f4-hal/stm32f4xx_hal.o
 .debug_macro   0x000123b4      0x14d ./system/src/stm32f4-hal/stm32f4xx_hal.o
 .debug_macro   0x00012501      0x287 ./system/src/stm32f4-hal/stm32f4xx_hal.o
 .debug_macro   0x00012788      0x125 ./system/src/stm32f4-hal/stm32f4xx_hal.o
 .debug_macro   0x000128ad      0x321 ./system/src/stm32f4-hal/stm32f4xx_hal_adc.o
 .debug_macro   0x00012bce      0x320 ./system/src/stm32f4-hal/stm32f4xx_hal_adc_ex.o
 .debug_macro   0x00012eee      0x320 ./system/src/stm32f4-hal/stm32f4xx_hal_cortex.o
 .debug_macro   0x0001320e      0x321 ./system/src/stm32f4-hal/stm32f4xx_hal_dac.o
 .debug_macro   0x0001352f      0x327 ./system/src/stm32f4-hal/stm32f4xx_hal_dma.o
 .debug_macro   0x00013856      0x358 ./system/src/stm32f4-hal/stm32f4xx_hal_gpio.o
 .debug_macro   0x00013bae      0x34a ./system/src/stm32f4-hal/stm32f4xx_hal_rcc.o
 .debug_macro   0x00013ef8      0x321 ./system/src/stm32f4-hal/stm32f4xx_hal_tim.o
 .debug_macro   0x00014219      0x320 ./system/src/stm32f4-hal/stm32f4xx_hal_tim_ex.o
 .debug_macro   0x00014539      0x321 ./system/src/stm32f4-hal/stm32f4xx_hal_uart.o
 .debug_macro   0x0001485a      0x19c ./system/src/newlib/_exit.o
 .debug_macro   0x000149f6      0x10e ./system/src/newlib/_exit.o
 .debug_macro   0x00014b04       0x8d ./system/src/newlib/_exit.o
 .debug_macro   0x00014b91       0x35 ./system/src/newlib/_exit.o
 .debug_macro   0x00014bc6      0x151 ./system/src/newlib/_sbrk.o
 .debug_macro   0x00014d17      0x174 ./system/src/newlib/_sbrk.o
 .debug_macro   0x00014e8b       0x10 ./system/src/newlib/_sbrk.o
 .debug_macro   0x00014e9b      0x23b ./system/src/newlib/_sbrk.o
 .debug_macro   0x000150d6      0x15b ./system/src/newlib/_startup.o
 .debug_macro   0x00015231      0x8aa ./system/src/newlib/_startup.o
 .debug_macro   0x00015adb      0x1f5 ./system/src/newlib/_syscalls.o
 .debug_macro   0x00015cd0       0x1c ./system/src/newlib/_syscalls.o
 .debug_macro   0x00015cec       0x10 ./system/src/newlib/_syscalls.o
 .debug_macro   0x00015cfc       0x10 ./system/src/newlib/_syscalls.o
 .debug_macro   0x00015d0c       0x10 ./system/src/newlib/_syscalls.o
 .debug_macro   0x00015d1c       0x35 ./system/src/newlib/_syscalls.o
 .debug_macro   0x00015d51      0x122 ./system/src/newlib/_syscalls.o
 .debug_macro   0x00015e73       0x88 ./system/src/newlib/_syscalls.o
 .debug_macro   0x00015efb       0x2b ./system/src/newlib/_syscalls.o
 .debug_macro   0x00015f26      0x118 ./system/src/newlib/_syscalls.o
 .debug_macro   0x0001603e      0x159 ./system/src/newlib/_syscalls.o
 .debug_macro   0x00016197       0x16 ./system/src/newlib/_syscalls.o
 .debug_macro   0x000161ad      0x1c9 ./system/src/diag/Trace.o
 .debug_macro   0x00016376       0x52 ./system/src/diag/Trace.o
 .debug_macro   0x000163c8       0x16 ./system/src/diag/Trace.o
 .debug_macro   0x000163de      0x366 ./system/src/diag/trace_impl.o
 .debug_macro   0x00016744       0x22 ./system/src/diag/trace_impl.o
 .debug_macro   0x00016766      0x32a ./system/src/cortexm/_initialize_hardware.o
 .debug_macro   0x00016a90      0x37f ./system/src/cortexm/exception_handlers.o
 .debug_macro   0x00016e0f       0x3b ./system/src/cortexm/exception_handlers.o
 .debug_macro   0x00016e4a      0x326 ./system/src/cmsis/system_stm32f4xx.o
 .debug_macro   0x00017170       0x34 ./system/src/cmsis/vectors_stm32f407xx.o
 .debug_macro   0x000171a4      0x320 ./src/_initialize_hardware.o
 .debug_macro   0x000174c4      0x326 ./src/main.o
 .debug_macro   0x000177ea      0x320 ./src/stm32f4xx_hal_msp.o
 .debug_macro   0x00017b0a      0x351 ./src/stm32f4xx_it.o
 .debug_macro   0x00017e5b      0x1e1 ./src/stm32f4xx_it.o
